advancedframework-chrome-3               | 02:03:52.206 INFO [LocalNode.newSession] - Session created by the Node. Id: 8e94c7b189db337b8b70f3f4859365f0, Caps: Capabilities {acceptInsecureCerts: false, browserName: chrome, browserVersion: 112.0.5582.0, chrome: {chromedriverVersion: 111.0.5563.19 (378a38865270..., userDataDir: /tmp/.com.google.Chrome.tMZwe0}, goog:chromeOptions: {debuggerAddress: localhost:32913}, networkConnectionEnabled: false, pageLoadStrategy: normal, platformName: LINUX, proxy: Proxy(), se:cdp: http://localhost:32913, se:cdpVersion: 112.0.5582.0, se:vncEnabled: true, se:vncLocalAddress: ws://172.18.0.11:7900, setWindowRect: true, strictFileInteractability: false, timeouts: {implicit: 0, pageLoad: 300000, script: 30000}, unhandledPromptBehavior: dismiss and notify, webauthn:extension:credBlob: true, webauthn:extension:largeBlob: true, webauthn:extension:minPinLength: true, webauthn:extension:prf: true, webauthn:virtualAuthenticators: true}
advancedframework-chrome-10              | 02:03:52.231 INFO [LocalNode.newSession] - Session created by the Node. Id: 462999fe7858ac54a67ca3bbf4e4da2a, Caps: Capabilities {acceptInsecureCerts: false, browserName: chrome, browserVersion: 112.0.5582.0, chrome: {chromedriverVersion: 111.0.5563.19 (378a38865270..., userDataDir: /tmp/.com.google.Chrome.3t1aoR}, goog:chromeOptions: {debuggerAddress: localhost:39133}, networkConnectionEnabled: false, pageLoadStrategy: normal, platformName: LINUX, proxy: Proxy(), se:cdp: http://localhost:39133, se:cdpVersion: 112.0.5582.0, se:vncEnabled: true, se:vncLocalAddress: ws://172.18.0.14:7900, setWindowRect: true, strictFileInteractability: false, timeouts: {implicit: 0, pageLoad: 300000, script: 30000}, unhandledPromptBehavior: dismiss and notify, webauthn:extension:credBlob: true, webauthn:extension:largeBlob: true, webauthn:extension:minPinLength: true, webauthn:extension:prf: true, webauthn:virtualAuthenticators: true}
selenium-hub                             | 02:03:52.325 INFO [LocalDistributor.newSession] - Session created by the Distributor. Id: 8e94c7b189db337b8b70f3f4859365f0 
selenium-hub                             |  Caps: Capabilities {acceptInsecureCerts: false, browserName: chrome, browserVersion: 112.0.5582.0, chrome: {chromedriverVersion: 111.0.5563.19 (378a38865270..., userDataDir: /tmp/.com.google.Chrome.tMZwe0}, goog:chromeOptions: {debuggerAddress: localhost:32913}, networkConnectionEnabled: false, pageLoadStrategy: normal, platformName: LINUX, proxy: {}, se:bidiEnabled: false, se:cdp: ws://172.18.0.11:4444/sessi..., se:cdpVersion: 112.0.5582.0, se:vnc: ws://172.18.0.11:4444/sessi..., se:vncEnabled: true, se:vncLocalAddress: ws://172.18.0.11:7900, setWindowRect: true, strictFileInteractability: false, timeouts: {implicit: 0, pageLoad: 300000, script: 30000}, unhandledPromptBehavior: dismiss and notify, webauthn:extension:credBlob: true, webauthn:extension:largeBlob: true, webauthn:extension:minPinLength: true, webauthn:extension:prf: true, webauthn:virtualAuthenticators: true}
selenium-hub                             | 02:03:52.337 INFO [LocalDistributor.newSession] - Session created by the Distributor. Id: 462999fe7858ac54a67ca3bbf4e4da2a 
selenium-hub                             |  Caps: Capabilities {acceptInsecureCerts: false, browserName: chrome, browserVersion: 112.0.5582.0, chrome: {chromedriverVersion: 111.0.5563.19 (378a38865270..., userDataDir: /tmp/.com.google.Chrome.3t1aoR}, goog:chromeOptions: {debuggerAddress: localhost:39133}, networkConnectionEnabled: false, pageLoadStrategy: normal, platformName: LINUX, proxy: {}, se:bidiEnabled: false, se:cdp: ws://172.18.0.14:4444/sessi..., se:cdpVersion: 112.0.5582.0, se:vnc: ws://172.18.0.14:4444/sessi..., se:vncEnabled: true, se:vncLocalAddress: ws://172.18.0.14:7900, setWindowRect: true, strictFileInteractability: false, timeouts: {implicit: 0, pageLoad: 300000, script: 30000}, unhandledPromptBehavior: dismiss and notify, webauthn:extension:credBlob: true, webauthn:extension:largeBlob: true, webauthn:extension:minPinLength: true, webauthn:extension:prf: true, webauthn:virtualAuthenticators: true}
advancedframework-chrome-9               | 02:03:52.391 INFO [LocalNode.newSession] - Session created by the Node. Id: e86c631c34692f7ba21037759f271187, Caps: Capabilities {acceptInsecureCerts: false, browserName: chrome, browserVersion: 112.0.5582.0, chrome: {chromedriverVersion: 111.0.5563.19 (378a38865270..., userDataDir: /tmp/.com.google.Chrome.nWm8lV}, goog:chromeOptions: {debuggerAddress: localhost:35947}, networkConnectionEnabled: false, pageLoadStrategy: normal, platformName: LINUX, proxy: Proxy(), se:cdp: http://localhost:35947, se:cdpVersion: 112.0.5582.0, se:vncEnabled: true, se:vncLocalAddress: ws://172.18.0.12:7900, setWindowRect: true, strictFileInteractability: false, timeouts: {implicit: 0, pageLoad: 300000, script: 30000}, unhandledPromptBehavior: dismiss and notify, webauthn:extension:credBlob: true, webauthn:extension:largeBlob: true, webauthn:extension:minPinLength: true, webauthn:extension:prf: true, webauthn:virtualAuthenticators: true}
selenium-hub                             | 02:03:52.529 INFO [LocalDistributor.newSession] - Session created by the Distributor. Id: e86c631c34692f7ba21037759f271187 
selenium-hub                             |  Caps: Capabilities {acceptInsecureCerts: false, browserName: chrome, browserVersion: 112.0.5582.0, chrome: {chromedriverVersion: 111.0.5563.19 (378a38865270..., userDataDir: /tmp/.com.google.Chrome.nWm8lV}, goog:chromeOptions: {debuggerAddress: localhost:35947}, networkConnectionEnabled: false, pageLoadStrategy: normal, platformName: LINUX, proxy: {}, se:bidiEnabled: false, se:cdp: ws://172.18.0.12:4444/sessi..., se:cdpVersion: 112.0.5582.0, se:vnc: ws://172.18.0.12:4444/sessi..., se:vncEnabled: true, se:vncLocalAddress: ws://172.18.0.12:7900, setWindowRect: true, strictFileInteractability: false, timeouts: {implicit: 0, pageLoad: 300000, script: 30000}, unhandledPromptBehavior: dismiss and notify, webauthn:extension:credBlob: true, webauthn:extension:largeBlob: true, webauthn:extension:minPinLength: true, webauthn:extension:prf: true, webauthn:virtualAuthenticators: true}
advancedframework-chrome-8               | 02:03:53.140 INFO [SessionSlot.stop] - Stopping session f98eb55846579b8e513f58e50cfae45a
selenium-hub                             | 02:03:53.216 INFO [GridModel.release] - Releasing slot for session id f98eb55846579b8e513f58e50cfae45a
selenium-hub                             | 02:03:53.217 INFO [LocalSessionMap.lambda$new$0] - Deleted session from local Session Map, Id: f98eb55846579b8e513f58e50cfae45a
advancedframework-chrome-4               | 02:03:53.368 INFO [SessionSlot.stop] - Stopping session 74d2df1deed27e29fb4b95cac2ae1a11
advancedframework-chrome-6               | 02:03:53.440 INFO [SessionSlot.stop] - Stopping session 4bec85c3a6ceae957ccb32e9a47ff9c8
selenium-hub                             | 02:03:53.492 INFO [GridModel.release] - Releasing slot for session id 74d2df1deed27e29fb4b95cac2ae1a11
selenium-hub                             | 02:03:53.492 INFO [LocalSessionMap.lambda$new$0] - Deleted session from local Session Map, Id: 74d2df1deed27e29fb4b95cac2ae1a11
selenium-hub                             | 02:03:53.546 INFO [GridModel.release] - Releasing slot for session id 4bec85c3a6ceae957ccb32e9a47ff9c8
selenium-hub                             | 02:03:53.546 INFO [LocalSessionMap.lambda$new$0] - Deleted session from local Session Map, Id: 4bec85c3a6ceae957ccb32e9a47ff9c8
selenium-hub                             | 02:03:53.558 INFO [LocalDistributor.newSession] - Session request received by the Distributor: 
selenium-hub                             |  [Capabilities {browserName: chrome}, Capabilities {browserName: chrome, platform: ANY, version: }]
advancedframework-chrome-2               | 02:03:53.575 INFO [SessionSlot.stop] - Stopping session 588fe9cc10ce4315091d2d2baec88a84
advancedframework-chrome-8               | Starting ChromeDriver 111.0.5563.19 (378a38865270d286695aeb86f190564911ef7bc2-refs/branch-heads/5563@{#251}) on port 14346
advancedframework-chrome-8               | Only local connections are allowed.
advancedframework-chrome-8               | Please see https://chromedriver.chromium.org/security-considerations for suggestions on keeping ChromeDriver safe.
advancedframework-chrome-8               | ChromeDriver was started successfully.
selenium-hub                             | 02:03:53.656 INFO [GridModel.release] - Releasing slot for session id 588fe9cc10ce4315091d2d2baec88a84
selenium-hub                             | 02:03:53.657 INFO [LocalSessionMap.lambda$new$0] - Deleted session from local Session Map, Id: 588fe9cc10ce4315091d2d2baec88a84
selenium-hub                             | 02:03:53.692 INFO [LocalDistributor.newSession] - Session request received by the Distributor: 
selenium-hub                             |  [Capabilities {browserName: chrome}, Capabilities {browserName: chrome, platform: ANY, version: }]
advancedframework-chrome-8               | [1677463433.637][SEVERE]: bind() failed: Cannot assign requested address (99)
advancedframework-chrome-6               | Starting ChromeDriver 111.0.5563.19 (378a38865270d286695aeb86f190564911ef7bc2-refs/branch-heads/5563@{#251}) on port 24413
advancedframework-chrome-6               | Only local connections are allowed.
advancedframework-chrome-6               | Please see https://chromedriver.chromium.org/security-considerations for suggestions on keeping ChromeDriver safe.
advancedframework-chrome-6               | ChromeDriver was started successfully.
selenium-hub                             | 02:03:53.830 INFO [LocalDistributor.newSession] - Session request received by the Distributor: 
selenium-hub                             |  [Capabilities {browserName: chrome}, Capabilities {browserName: chrome, platform: ANY, version: }]
advancedframework-chrome-6               | [1677463433.819][SEVERE]: bind() failed: Cannot assign requested address (99)
selenium-hub                             | 02:03:53.963 INFO [LocalDistributor.newSession] - Session request received by the Distributor: 
selenium-hub                             |  [Capabilities {browserName: chrome}, Capabilities {browserName: chrome, platform: ANY, version: }]
advancedframework-chrome-2               | Starting ChromeDriver 111.0.5563.19 (378a38865270d286695aeb86f190564911ef7bc2-refs/branch-heads/5563@{#251}) on port 17182
advancedframework-chrome-2               | Only local connections are allowed.
advancedframework-chrome-2               | Please see https://chromedriver.chromium.org/security-considerations for suggestions on keeping ChromeDriver safe.
advancedframework-chrome-5               | 02:03:54.075 INFO [SessionSlot.stop] - Stopping session 154dfd1a0a50eed6ea6f9cef029573d0
advancedframework-chrome-4               | Starting ChromeDriver 111.0.5563.19 (378a38865270d286695aeb86f190564911ef7bc2-refs/branch-heads/5563@{#251}) on port 25859
advancedframework-chrome-4               | Only local connections are allowed.
advancedframework-chrome-4               | Please see https://chromedriver.chromium.org/security-considerations for suggestions on keeping ChromeDriver safe.
advancedframework-chrome-4               | ChromeDriver was started successfully.
advancedframework-chrome-4               | [1677463434.029][SEVERE]: bind() failed: Cannot assign requested address (99)
advancedframework-chrome-2               | ChromeDriver was started successfully.
advancedframework-chrome-2               | [1677463434.184][SEVERE]: bind() failed: Cannot assign requested address (99)
selenium-hub                             | 02:03:54.199 INFO [GridModel.release] - Releasing slot for session id 154dfd1a0a50eed6ea6f9cef029573d0
selenium-hub                             | 02:03:54.221 INFO [LocalSessionMap.lambda$new$0] - Deleted session from local Session Map, Id: 154dfd1a0a50eed6ea6f9cef029573d0
selenium-hub                             | 02:03:54.317 INFO [LocalDistributor.newSession] - Session request received by the Distributor: 
selenium-hub                             |  [Capabilities {browserName: chrome}, Capabilities {browserName: chrome, platform: ANY, version: }]
advancedframework-chrome-3               | 02:03:54.394 INFO [SessionSlot.stop] - Stopping session 8e94c7b189db337b8b70f3f4859365f0
selenium-hub                             | 02:03:54.400 INFO [LocalSessionMap.lambda$new$0] - Deleted session from local Session Map, Id: 462999fe7858ac54a67ca3bbf4e4da2a
selenium-hub                             | 02:03:54.402 INFO [GridModel.release] - Releasing slot for session id 462999fe7858ac54a67ca3bbf4e4da2a
selenium-hub                             | 02:03:54.405 INFO [LocalSessionMap.lambda$new$0] - Deleted session from local Session Map, Id: 8e94c7b189db337b8b70f3f4859365f0
selenium-hub                             | 02:03:54.406 INFO [GridModel.release] - Releasing slot for session id 8e94c7b189db337b8b70f3f4859365f0
advancedframework-chrome-5               | Starting ChromeDriver 111.0.5563.19 (378a38865270d286695aeb86f190564911ef7bc2-refs/branch-heads/5563@{#251}) on port 2243
advancedframework-chrome-5               | Only local connections are allowed.
advancedframework-chrome-5               | Please see https://chromedriver.chromium.org/security-considerations for suggestions on keeping ChromeDriver safe.
advancedframework-chrome-10              | 02:03:54.419 INFO [SessionSlot.stop] - Stopping session 462999fe7858ac54a67ca3bbf4e4da2a
advancedframework-chrome-5               | ChromeDriver was started successfully.
advancedframework-chrome-5               | [1677463434.421][SEVERE]: bind() failed: Cannot assign requested address (99)
selenium-hub                             | 02:03:54.476 INFO [GridModel.release] - Releasing slot for session id 4730ee56241b919b94c389fe1c4bf861
selenium-hub                             | 02:03:54.478 INFO [LocalSessionMap.lambda$new$0] - Deleted session from local Session Map, Id: 4730ee56241b919b94c389fe1c4bf861
advancedframework-chrome-7               | 02:03:54.468 INFO [SessionSlot.stop] - Stopping session 4730ee56241b919b94c389fe1c4bf861
selenium-hub                             | 02:03:54.519 INFO [LocalDistributor.newSession] - Session request received by the Distributor: 
selenium-hub                             |  [Capabilities {browserName: chrome}, Capabilities {browserName: chrome, platform: ANY, version: }]
advancedframework-chrome-9               | 02:03:54.532 INFO [SessionSlot.stop] - Stopping session e86c631c34692f7ba21037759f271187
selenium-hub                             | 02:03:54.538 INFO [LocalSessionMap.lambda$new$0] - Deleted session from local Session Map, Id: e86c631c34692f7ba21037759f271187
selenium-hub                             | 02:03:54.539 INFO [GridModel.release] - Releasing slot for session id e86c631c34692f7ba21037759f271187
selenium-hub                             | 02:03:54.545 INFO [LocalDistributor.newSession] - Session request received by the Distributor: 
selenium-hub                             |  [Capabilities {browserName: chrome}, Capabilities {browserName: chrome, platform: ANY, version: }]
advancedframework-chrome-7               | Starting ChromeDriver 111.0.5563.19 (378a38865270d286695aeb86f190564911ef7bc2-refs/branch-heads/5563@{#251}) on port 5284
advancedframework-chrome-7               | Only local connections are allowed.
advancedframework-chrome-7               | Please see https://chromedriver.chromium.org/security-considerations for suggestions on keeping ChromeDriver safe.
advancedframework-chrome-7               | ChromeDriver was started successfully.
advancedframework-chrome-7               | [1677463434.630][SEVERE]: bind() failed: Cannot assign requested address (99)
advancedframework-chrome-1               | 02:03:54.658 INFO [SessionSlot.stop] - Stopping session 5b01e3f766b307cb478f63ec08068efe
advancedframework-chrome-3               | Starting ChromeDriver 111.0.5563.19 (378a38865270d286695aeb86f190564911ef7bc2-refs/branch-heads/5563@{#251}) on port 25290
advancedframework-chrome-3               | Only local connections are allowed.
advancedframework-chrome-3               | Please see https://chromedriver.chromium.org/security-considerations for suggestions on keeping ChromeDriver safe.
advancedframework-chrome-3               | [1677463434.665][SEVERE]: bind() failed: Cannot assign requested address (99)
selenium-hub                             | 02:03:54.665 INFO [LocalSessionMap.lambda$new$0] - Deleted session from local Session Map, Id: 5b01e3f766b307cb478f63ec08068efe
advancedframework-chrome-3               | ChromeDriver was started successfully.
selenium-hub                             | 02:03:54.667 INFO [GridModel.release] - Releasing slot for session id 5b01e3f766b307cb478f63ec08068efe
advancedframework-chrome-6               | [1677463435.304][WARNING]: This version of ChromeDriver has not been tested with Chrome version 112.
advancedframework-chrome-4               | [1677463435.444][WARNING]: This version of ChromeDriver has not been tested with Chrome version 112.
advancedframework-chrome-2               | [1677463435.497][WARNING]: This version of ChromeDriver has not been tested with Chrome version 112.
advancedframework-chrome-8               | [1677463435.513][WARNING]: This version of ChromeDriver has not been tested with Chrome version 112.
advancedframework-chrome-5               | [1677463435.697][WARNING]: This version of ChromeDriver has not been tested with Chrome version 112.
advancedframework-chrome-3               | [1677463435.863][WARNING]: This version of ChromeDriver has not been tested with Chrome version 112.
advancedframework-chrome-5               | 02:03:56.499 INFO [LocalNode.newSession] - Session created by the Node. Id: 9f373a227c4b19193f1786b8a86190dc, Caps: Capabilities {acceptInsecureCerts: false, browserName: chrome, browserVersion: 112.0.5582.0, chrome: {chromedriverVersion: 111.0.5563.19 (378a38865270..., userDataDir: /tmp/.com.google.Chrome.JAk7tf}, goog:chromeOptions: {debuggerAddress: localhost:37973}, networkConnectionEnabled: false, pageLoadStrategy: normal, platformName: LINUX, proxy: Proxy(), se:cdp: http://localhost:37973, se:cdpVersion: 112.0.5582.0, se:vncEnabled: true, se:vncLocalAddress: ws://172.18.0.7:7900, setWindowRect: true, strictFileInteractability: false, timeouts: {implicit: 0, pageLoad: 300000, script: 30000}, unhandledPromptBehavior: dismiss and notify, webauthn:extension:credBlob: true, webauthn:extension:largeBlob: true, webauthn:extension:minPinLength: true, webauthn:extension:prf: true, webauthn:virtualAuthenticators: true}
advancedframework-chrome-7               | [1677463436.518][WARNING]: This version of ChromeDriver has not been tested with Chrome version 112.
advancedframework-chrome-3               | 02:03:56.582 INFO [LocalNode.newSession] - Session created by the Node. Id: 2f299f7eaac77a188a96b72b62ed244a, Caps: Capabilities {acceptInsecureCerts: false, browserName: chrome, browserVersion: 112.0.5582.0, chrome: {chromedriverVersion: 111.0.5563.19 (378a38865270..., userDataDir: /tmp/.com.google.Chrome.UMuuD8}, goog:chromeOptions: {debuggerAddress: localhost:46543}, networkConnectionEnabled: false, pageLoadStrategy: normal, platformName: LINUX, proxy: Proxy(), se:cdp: http://localhost:46543, se:cdpVersion: 112.0.5582.0, se:vncEnabled: true, se:vncLocalAddress: ws://172.18.0.11:7900, setWindowRect: true, strictFileInteractability: false, timeouts: {implicit: 0, pageLoad: 300000, script: 30000}, unhandledPromptBehavior: dismiss and notify, webauthn:extension:credBlob: true, webauthn:extension:largeBlob: true, webauthn:extension:minPinLength: true, webauthn:extension:prf: true, webauthn:virtualAuthenticators: true}
selenium-hub                             | 02:03:56.622 INFO [LocalDistributor.newSession] - Session created by the Distributor. Id: 9f373a227c4b19193f1786b8a86190dc 
selenium-hub                             |  Caps: Capabilities {acceptInsecureCerts: false, browserName: chrome, browserVersion: 112.0.5582.0, chrome: {chromedriverVersion: 111.0.5563.19 (378a38865270..., userDataDir: /tmp/.com.google.Chrome.JAk7tf}, goog:chromeOptions: {debuggerAddress: localhost:37973}, networkConnectionEnabled: false, pageLoadStrategy: normal, platformName: LINUX, proxy: {}, se:bidiEnabled: false, se:cdp: ws://172.18.0.7:4444/sessio..., se:cdpVersion: 112.0.5582.0, se:vnc: ws://172.18.0.7:4444/sessio..., se:vncEnabled: true, se:vncLocalAddress: ws://172.18.0.7:7900, setWindowRect: true, strictFileInteractability: false, timeouts: {implicit: 0, pageLoad: 300000, script: 30000}, unhandledPromptBehavior: dismiss and notify, webauthn:extension:credBlob: true, webauthn:extension:largeBlob: true, webauthn:extension:minPinLength: true, webauthn:extension:prf: true, webauthn:virtualAuthenticators: true}
advancedframework-chrome-8               | 02:03:56.648 INFO [LocalNode.newSession] - Session created by the Node. Id: a3c32be9a7d004a306969f3ae262a7ba, Caps: Capabilities {acceptInsecureCerts: false, browserName: chrome, browserVersion: 112.0.5582.0, chrome: {chromedriverVersion: 111.0.5563.19 (378a38865270..., userDataDir: /tmp/.com.google.Chrome.Qx3AwW}, goog:chromeOptions: {debuggerAddress: localhost:43013}, networkConnectionEnabled: false, pageLoadStrategy: normal, platformName: LINUX, proxy: Proxy(), se:cdp: http://localhost:43013, se:cdpVersion: 112.0.5582.0, se:vncEnabled: true, se:vncLocalAddress: ws://172.18.0.8:7900, setWindowRect: true, strictFileInteractability: false, timeouts: {implicit: 0, pageLoad: 300000, script: 30000}, unhandledPromptBehavior: dismiss and notify, webauthn:extension:credBlob: true, webauthn:extension:largeBlob: true, webauthn:extension:minPinLength: true, webauthn:extension:prf: true, webauthn:virtualAuthenticators: true}
selenium-hub                             | 02:03:56.734 INFO [LocalDistributor.newSession] - Session created by the Distributor. Id: a3c32be9a7d004a306969f3ae262a7ba 
selenium-hub                             |  Caps: Capabilities {acceptInsecureCerts: false, browserName: chrome, browserVersion: 112.0.5582.0, chrome: {chromedriverVersion: 111.0.5563.19 (378a38865270..., userDataDir: /tmp/.com.google.Chrome.Qx3AwW}, goog:chromeOptions: {debuggerAddress: localhost:43013}, networkConnectionEnabled: false, pageLoadStrategy: normal, platformName: LINUX, proxy: {}, se:bidiEnabled: false, se:cdp: ws://172.18.0.8:4444/sessio..., se:cdpVersion: 112.0.5582.0, se:vnc: ws://172.18.0.8:4444/sessio..., se:vncEnabled: true, se:vncLocalAddress: ws://172.18.0.8:7900, setWindowRect: true, strictFileInteractability: false, timeouts: {implicit: 0, pageLoad: 300000, script: 30000}, unhandledPromptBehavior: dismiss and notify, webauthn:extension:credBlob: true, webauthn:extension:largeBlob: true, webauthn:extension:minPinLength: true, webauthn:extension:prf: true, webauthn:virtualAuthenticators: true}
selenium-hub                             | 02:03:56.755 INFO [LocalDistributor.newSession] - Session created by the Distributor. Id: 2f299f7eaac77a188a96b72b62ed244a 
selenium-hub                             |  Caps: Capabilities {acceptInsecureCerts: false, browserName: chrome, browserVersion: 112.0.5582.0, chrome: {chromedriverVersion: 111.0.5563.19 (378a38865270..., userDataDir: /tmp/.com.google.Chrome.UMuuD8}, goog:chromeOptions: {debuggerAddress: localhost:46543}, networkConnectionEnabled: false, pageLoadStrategy: normal, platformName: LINUX, proxy: {}, se:bidiEnabled: false, se:cdp: ws://172.18.0.11:4444/sessi..., se:cdpVersion: 112.0.5582.0, se:vnc: ws://172.18.0.11:4444/sessi..., se:vncEnabled: true, se:vncLocalAddress: ws://172.18.0.11:7900, setWindowRect: true, strictFileInteractability: false, timeouts: {implicit: 0, pageLoad: 300000, script: 30000}, unhandledPromptBehavior: dismiss and notify, webauthn:extension:credBlob: true, webauthn:extension:largeBlob: true, webauthn:extension:minPinLength: true, webauthn:extension:prf: true, webauthn:virtualAuthenticators: true}
advancedframework-chrome-4               | 02:03:56.867 INFO [LocalNode.newSession] - Session created by the Node. Id: fa0bc16e75ef029f63c651194b7f43bc, Caps: Capabilities {acceptInsecureCerts: false, browserName: chrome, browserVersion: 112.0.5582.0, chrome: {chromedriverVersion: 111.0.5563.19 (378a38865270..., userDataDir: /tmp/.com.google.Chrome.FgtDae}, goog:chromeOptions: {debuggerAddress: localhost:42139}, networkConnectionEnabled: false, pageLoadStrategy: normal, platformName: LINUX, proxy: Proxy(), se:cdp: http://localhost:42139, se:cdpVersion: 112.0.5582.0, se:vncEnabled: true, se:vncLocalAddress: ws://172.18.0.13:7900, setWindowRect: true, strictFileInteractability: false, timeouts: {implicit: 0, pageLoad: 300000, script: 30000}, unhandledPromptBehavior: dismiss and notify, webauthn:extension:credBlob: true, webauthn:extension:largeBlob: true, webauthn:extension:minPinLength: true, webauthn:extension:prf: true, webauthn:virtualAuthenticators: true}
advancedframework-chrome-6               | 02:03:56.953 INFO [LocalNode.newSession] - Session created by the Node. Id: 3d55713749119a04c31dac271f9b67ae, Caps: Capabilities {acceptInsecureCerts: false, browserName: chrome, browserVersion: 112.0.5582.0, chrome: {chromedriverVersion: 111.0.5563.19 (378a38865270..., userDataDir: /tmp/.com.google.Chrome.thmiR6}, goog:chromeOptions: {debuggerAddress: localhost:37717}, networkConnectionEnabled: false, pageLoadStrategy: normal, platformName: LINUX, proxy: Proxy(), se:cdp: http://localhost:37717, se:cdpVersion: 112.0.5582.0, se:vncEnabled: true, se:vncLocalAddress: ws://172.18.0.6:7900, setWindowRect: true, strictFileInteractability: false, timeouts: {implicit: 0, pageLoad: 300000, script: 30000}, unhandledPromptBehavior: dismiss and notify, webauthn:extension:credBlob: true, webauthn:extension:largeBlob: true, webauthn:extension:minPinLength: true, webauthn:extension:prf: true, webauthn:virtualAuthenticators: true}
selenium-hub                             | 02:03:57.006 INFO [LocalDistributor.newSession] - Session created by the Distributor. Id: fa0bc16e75ef029f63c651194b7f43bc 
selenium-hub                             |  Caps: Capabilities {acceptInsecureCerts: false, browserName: chrome, browserVersion: 112.0.5582.0, chrome: {chromedriverVersion: 111.0.5563.19 (378a38865270..., userDataDir: /tmp/.com.google.Chrome.FgtDae}, goog:chromeOptions: {debuggerAddress: localhost:42139}, networkConnectionEnabled: false, pageLoadStrategy: normal, platformName: LINUX, proxy: {}, se:bidiEnabled: false, se:cdp: ws://172.18.0.13:4444/sessi..., se:cdpVersion: 112.0.5582.0, se:vnc: ws://172.18.0.13:4444/sessi..., se:vncEnabled: true, se:vncLocalAddress: ws://172.18.0.13:7900, setWindowRect: true, strictFileInteractability: false, timeouts: {implicit: 0, pageLoad: 300000, script: 30000}, unhandledPromptBehavior: dismiss and notify, webauthn:extension:credBlob: true, webauthn:extension:largeBlob: true, webauthn:extension:minPinLength: true, webauthn:extension:prf: true, webauthn:virtualAuthenticators: true}
selenium-hub                             | 02:03:57.085 INFO [LocalDistributor.newSession] - Session created by the Distributor. Id: 3d55713749119a04c31dac271f9b67ae 
selenium-hub                             |  Caps: Capabilities {acceptInsecureCerts: false, browserName: chrome, browserVersion: 112.0.5582.0, chrome: {chromedriverVersion: 111.0.5563.19 (378a38865270..., userDataDir: /tmp/.com.google.Chrome.thmiR6}, goog:chromeOptions: {debuggerAddress: localhost:37717}, networkConnectionEnabled: false, pageLoadStrategy: normal, platformName: LINUX, proxy: {}, se:bidiEnabled: false, se:cdp: ws://172.18.0.6:4444/sessio..., se:cdpVersion: 112.0.5582.0, se:vnc: ws://172.18.0.6:4444/sessio..., se:vncEnabled: true, se:vncLocalAddress: ws://172.18.0.6:7900, setWindowRect: true, strictFileInteractability: false, timeouts: {implicit: 0, pageLoad: 300000, script: 30000}, unhandledPromptBehavior: dismiss and notify, webauthn:extension:credBlob: true, webauthn:extension:largeBlob: true, webauthn:extension:minPinLength: true, webauthn:extension:prf: true, webauthn:virtualAuthenticators: true}
advancedframework-chrome-2               | 02:03:57.103 INFO [LocalNode.newSession] - Session created by the Node. Id: 8f412b1396ad45988c59bd1deb4f0696, Caps: Capabilities {acceptInsecureCerts: false, browserName: chrome, browserVersion: 112.0.5582.0, chrome: {chromedriverVersion: 111.0.5563.19 (378a38865270..., userDataDir: /tmp/.com.google.Chrome.MAupYf}, goog:chromeOptions: {debuggerAddress: localhost:45129}, networkConnectionEnabled: false, pageLoadStrategy: normal, platformName: LINUX, proxy: Proxy(), se:cdp: http://localhost:45129, se:cdpVersion: 112.0.5582.0, se:vncEnabled: true, se:vncLocalAddress: ws://172.18.0.10:7900, setWindowRect: true, strictFileInteractability: false, timeouts: {implicit: 0, pageLoad: 300000, script: 30000}, unhandledPromptBehavior: dismiss and notify, webauthn:extension:credBlob: true, webauthn:extension:largeBlob: true, webauthn:extension:minPinLength: true, webauthn:extension:prf: true, webauthn:virtualAuthenticators: true}
selenium-hub                             | 02:03:57.192 INFO [LocalDistributor.newSession] - Session created by the Distributor. Id: 8f412b1396ad45988c59bd1deb4f0696 
selenium-hub                             |  Caps: Capabilities {acceptInsecureCerts: false, browserName: chrome, browserVersion: 112.0.5582.0, chrome: {chromedriverVersion: 111.0.5563.19 (378a38865270..., userDataDir: /tmp/.com.google.Chrome.MAupYf}, goog:chromeOptions: {debuggerAddress: localhost:45129}, networkConnectionEnabled: false, pageLoadStrategy: normal, platformName: LINUX, proxy: {}, se:bidiEnabled: false, se:cdp: ws://172.18.0.10:4444/sessi..., se:cdpVersion: 112.0.5582.0, se:vnc: ws://172.18.0.10:4444/sessi..., se:vncEnabled: true, se:vncLocalAddress: ws://172.18.0.10:7900, setWindowRect: true, strictFileInteractability: false, timeouts: {implicit: 0, pageLoad: 300000, script: 30000}, unhandledPromptBehavior: dismiss and notify, webauthn:extension:credBlob: true, webauthn:extension:largeBlob: true, webauthn:extension:minPinLength: true, webauthn:extension:prf: true, webauthn:virtualAuthenticators: true}
advancedframework-chrome-5               | 02:03:57.555 INFO [SessionSlot.stop] - Stopping session 9f373a227c4b19193f1786b8a86190dc
advancedframework-chrome-7               | 02:03:57.572 INFO [LocalNode.newSession] - Session created by the Node. Id: 3f52ff571201aebc346bbd85a598b548, Caps: Capabilities {acceptInsecureCerts: false, browserName: chrome, browserVersion: 112.0.5582.0, chrome: {chromedriverVersion: 111.0.5563.19 (378a38865270..., userDataDir: /tmp/.com.google.Chrome.IkEDs1}, goog:chromeOptions: {debuggerAddress: localhost:43393}, networkConnectionEnabled: false, pageLoadStrategy: normal, platformName: LINUX, proxy: Proxy(), se:cdp: http://localhost:43393, se:cdpVersion: 112.0.5582.0, se:vncEnabled: true, se:vncLocalAddress: ws://172.18.0.9:7900, setWindowRect: true, strictFileInteractability: false, timeouts: {implicit: 0, pageLoad: 300000, script: 30000}, unhandledPromptBehavior: dismiss and notify, webauthn:extension:credBlob: true, webauthn:extension:largeBlob: true, webauthn:extension:minPinLength: true, webauthn:extension:prf: true, webauthn:virtualAuthenticators: true}
selenium-hub                             | 02:03:57.633 INFO [LocalSessionMap.lambda$new$0] - Deleted session from local Session Map, Id: 9f373a227c4b19193f1786b8a86190dc
selenium-hub                             | 02:03:57.634 INFO [GridModel.release] - Releasing slot for session id 9f373a227c4b19193f1786b8a86190dc
selenium-hub                             | 02:03:57.639 INFO [LocalDistributor.newSession] - Session created by the Distributor. Id: 3f52ff571201aebc346bbd85a598b548 
selenium-hub                             |  Caps: Capabilities {acceptInsecureCerts: false, browserName: chrome, browserVersion: 112.0.5582.0, chrome: {chromedriverVersion: 111.0.5563.19 (378a38865270..., userDataDir: /tmp/.com.google.Chrome.IkEDs1}, goog:chromeOptions: {debuggerAddress: localhost:43393}, networkConnectionEnabled: false, pageLoadStrategy: normal, platformName: LINUX, proxy: {}, se:bidiEnabled: false, se:cdp: ws://172.18.0.9:4444/sessio..., se:cdpVersion: 112.0.5582.0, se:vnc: ws://172.18.0.9:4444/sessio..., se:vncEnabled: true, se:vncLocalAddress: ws://172.18.0.9:7900, setWindowRect: true, strictFileInteractability: false, timeouts: {implicit: 0, pageLoad: 300000, script: 30000}, unhandledPromptBehavior: dismiss and notify, webauthn:extension:credBlob: true, webauthn:extension:largeBlob: true, webauthn:extension:minPinLength: true, webauthn:extension:prf: true, webauthn:virtualAuthenticators: true}
advancedframework-chrome-4               | 02:03:57.904 INFO [SessionSlot.stop] - Stopping session fa0bc16e75ef029f63c651194b7f43bc
selenium-hub                             | 02:03:57.914 INFO [LocalSessionMap.lambda$new$0] - Deleted session from local Session Map, Id: fa0bc16e75ef029f63c651194b7f43bc
selenium-hub                             | 02:03:57.918 INFO [GridModel.release] - Releasing slot for session id fa0bc16e75ef029f63c651194b7f43bc
advancedframework-chrome-8               | 02:03:57.986 INFO [SessionSlot.stop] - Stopping session a3c32be9a7d004a306969f3ae262a7ba
selenium-hub                             | 02:03:58.038 INFO [LocalSessionMap.lambda$new$0] - Deleted session from local Session Map, Id: a3c32be9a7d004a306969f3ae262a7ba
selenium-hub                             | 02:03:58.039 INFO [GridModel.release] - Releasing slot for session id a3c32be9a7d004a306969f3ae262a7ba
advancedframework-chrome-2               | 02:03:58.105 INFO [SessionSlot.stop] - Stopping session 8f412b1396ad45988c59bd1deb4f0696
selenium-hub                             | 02:03:58.132 INFO [LocalSessionMap.lambda$new$0] - Deleted session from local Session Map, Id: 8f412b1396ad45988c59bd1deb4f0696
selenium-hub                             | 02:03:58.134 INFO [GridModel.release] - Releasing slot for session id 8f412b1396ad45988c59bd1deb4f0696
advancedframework-chrome-6               | 02:03:58.187 INFO [SessionSlot.stop] - Stopping session 3d55713749119a04c31dac271f9b67ae
selenium-hub                             | 02:03:58.201 INFO [LocalSessionMap.lambda$new$0] - Deleted session from local Session Map, Id: 2f299f7eaac77a188a96b72b62ed244a
selenium-hub                             | 02:03:58.203 INFO [GridModel.release] - Releasing slot for session id 2f299f7eaac77a188a96b72b62ed244a
selenium-hub                             | 02:03:58.204 INFO [LocalSessionMap.lambda$new$0] - Deleted session from local Session Map, Id: 3d55713749119a04c31dac271f9b67ae
selenium-hub                             | 02:03:58.205 INFO [GridModel.release] - Releasing slot for session id 3d55713749119a04c31dac271f9b67ae
advancedframework-chrome-3               | 02:03:58.188 INFO [SessionSlot.stop] - Stopping session 2f299f7eaac77a188a96b72b62ed244a
advancedframework-chrome-7               | 02:03:58.380 INFO [SessionSlot.stop] - Stopping session 3f52ff571201aebc346bbd85a598b548
selenium-hub                             | 02:03:58.385 INFO [GridModel.release] - Releasing slot for session id 3f52ff571201aebc346bbd85a598b548
selenium-hub                             | 02:03:58.385 INFO [LocalSessionMap.lambda$new$0] - Deleted session from local Session Map, Id: 3f52ff571201aebc346bbd85a598b548
selenium-hub                             | 02:05:06.607 INFO [LocalDistributor.newSession] - Session request received by the Distributor: 
selenium-hub                             |  [Capabilities {browserName: chrome}, Capabilities {browserName: chrome, platform: ANY, version: }]
selenium-hub                             | 02:05:06.607 INFO [LocalDistributor.newSession] - Session request received by the Distributor: 
selenium-hub                             |  [Capabilities {browserName: chrome}, Capabilities {browserName: chrome, platform: ANY, version: }]
selenium-hub                             | 02:05:06.607 INFO [LocalDistributor.newSession] - Session request received by the Distributor: 
selenium-hub                             |  [Capabilities {browserName: chrome}, Capabilities {browserName: chrome, platform: ANY, version: }]
selenium-hub                             | 02:05:06.607 INFO [LocalDistributor.newSession] - Session request received by the Distributor: 
selenium-hub                             |  [Capabilities {browserName: chrome}, Capabilities {browserName: chrome, platform: ANY, version: }]
selenium-hub                             | 02:05:06.636 INFO [LocalDistributor.newSession] - Session request received by the Distributor: 
selenium-hub                             |  [Capabilities {browserName: chrome}, Capabilities {browserName: chrome, platform: ANY, version: }]
selenium-hub                             | 02:05:06.638 INFO [LocalDistributor.newSession] - Session request received by the Distributor: 
selenium-hub                             |  [Capabilities {browserName: chrome}, Capabilities {browserName: chrome, platform: ANY, version: }]
selenium-hub                             | 02:05:06.638 INFO [LocalDistributor.newSession] - Session request received by the Distributor: 
selenium-hub                             |  [Capabilities {browserName: chrome}, Capabilities {browserName: chrome, platform: ANY, version: }]
selenium-hub                             | 02:05:06.638 INFO [LocalDistributor.newSession] - Session request received by the Distributor: 
selenium-hub                             |  [Capabilities {browserName: chrome}, Capabilities {browserName: chrome, platform: ANY, version: }]
advancedframework-chrome-1               | Starting ChromeDriver 111.0.5563.19 (378a38865270d286695aeb86f190564911ef7bc2-refs/branch-heads/5563@{#251}) on port 11195
advancedframework-chrome-10              | Starting ChromeDriver 111.0.5563.19 (378a38865270d286695aeb86f190564911ef7bc2-refs/branch-heads/5563@{#251}) on port 8229
advancedframework-chrome-10              | Only local connections are allowed.
advancedframework-chrome-10              | Please see https://chromedriver.chromium.org/security-considerations for suggestions on keeping ChromeDriver safe.
advancedframework-chrome-10              | ChromeDriver was started successfully.
advancedframework-chrome-1               | Only local connections are allowed.
advancedframework-chrome-1               | Please see https://chromedriver.chromium.org/security-considerations for suggestions on keeping ChromeDriver safe.
advancedframework-chrome-1               | ChromeDriver was started successfully.
advancedframework-chrome-1               | [1677463506.645][SEVERE]: bind() failed: Cannot assign requested address (99)
advancedframework-chrome-9               | Starting ChromeDriver 111.0.5563.19 (378a38865270d286695aeb86f190564911ef7bc2-refs/branch-heads/5563@{#251}) on port 8355
advancedframework-chrome-9               | Only local connections are allowed.
advancedframework-chrome-10              | [1677463506.646][SEVERE]: bind() failed: Cannot assign requested address (99)
advancedframework-chrome-9               | Please see https://chromedriver.chromium.org/security-considerations for suggestions on keeping ChromeDriver safe.
advancedframework-chrome-9               | [1677463506.649][SEVERE]: Cbhirnodm(e)D rfiavielre dw:a sC asntnaortt eads ssiugcnc ersesqfuuelsltye.d
selenium-hub                             | 02:05:06.638 INFO [LocalDistributor.newSession] - Session request received by the Distributor: 
selenium-hub                             |  [Capabilities {browserName: chrome}, Capabilities {browserName: chrome, platform: ANY, version: }]
advancedframework-chrome-9               |  address (99)
advancedframework-chrome-6               | Starting ChromeDriver 111.0.5563.19 (378a38865270d286695aeb86f190564911ef7bc2-refs/branch-heads/5563@{#251}) on port 5150
advancedframework-chrome-6               | Only local connections are allowed.
advancedframework-chrome-6               | Please see https://chromedriver.chromium.org/security-considerations for suggestions on keeping ChromeDriver safe.
advancedframework-chrome-6               | [1677463506.667][SEVERE]: bind() failed: Cannot assign requested address (99)
advancedframework-chrome-6               | ChromeDriver was started successfully.
advancedframework-chrome-3               | Starting ChromeDriver 111.0.5563.19 (378a38865270d286695aeb86f190564911ef7bc2-refs/branch-heads/5563@{#251}) on port 3341
advancedframework-chrome-8               | Starting ChromeDriver 111.0.5563.19 (378a38865270d286695aeb86f190564911ef7bc2-refs/branch-heads/5563@{#251}) on port 8027
advancedframework-chrome-8               | Only local connections are allowed.
advancedframework-chrome-8               | Please see https://chromedriver.chromium.org/security-considerations for suggestions on keeping ChromeDriver safe.
advancedframework-chrome-8               | ChromeDriver was started successfully.
advancedframework-chrome-8               | [1677463506.674][SEVERE]: bind() failed: Cannot assign requested address (99)
advancedframework-chrome-3               | Only local connections are allowed.
advancedframework-chrome-3               | [1677463506.674][SEVERE]: bind() failed: Cannot assign requested address (99)
advancedframework-chrome-3               | Please see https://chromedriver.chromium.org/security-considerations for suggestions on keeping ChromeDriver safe.
advancedframework-chrome-3               | ChromeDriver was started successfully.
selenium-hub                             | 02:05:06.670 INFO [LocalDistributor.newSession] - Session request received by the Distributor: 
selenium-hub                             |  [Capabilities {browserName: chrome}, Capabilities {browserName: chrome, platform: ANY, version: }]
advancedframework-chrome-4               | Starting ChromeDriver 111.0.5563.19 (378a38865270d286695aeb86f190564911ef7bc2-refs/branch-heads/5563@{#251}) on port 9611
advancedframework-chrome-4               | Only local connections are allowed.
advancedframework-chrome-4               | Please see https://chromedriver.chromium.org/security-considerations for suggestions on keeping ChromeDriver safe.
advancedframework-chrome-4               | ChromeDriver was started successfully.
advancedframework-chrome-4               | [1677463506.679][SEVERE]: bind() failed: Cannot assign requested address (99)
advancedframework-chrome-5               | [1677463506.680][SEVERE]: bind() failed: Cannot assign requested address (99)
advancedframework-chrome-5               | Starting ChromeDriver 111.0.5563.19 (378a38865270d286695aeb86f190564911ef7bc2-refs/branch-heads/5563@{#251}) on port 10695
advancedframework-chrome-5               | Only local connections are allowed.
advancedframework-chrome-5               | Please see https://chromedriver.chromium.org/security-considerations for suggestions on keeping ChromeDriver safe.
advancedframework-chrome-5               | ChromeDriver was started successfully.
advancedframework-chrome-7               | Starting ChromeDriver 111.0.5563.19 (378a38865270d286695aeb86f190564911ef7bc2-refs/branch-heads/5563@{#251}) on port 23662
advancedframework-chrome-7               | Only local connections are allowed.
advancedframework-chrome-2               | Starting ChromeDriver 111.0.5563.19 (378a38865270d286695aeb86f190564911ef7bc2-refs/branch-heads/5563@{#251}) on port 29605
advancedframework-chrome-7               | Please see https://chromedriver.chromium.org/security-considerations for suggestions on keeping ChromeDriver safe.
advancedframework-chrome-2               | Only local connections are allowed.
advancedframework-chrome-2               | Please see https://chromedriver.chromium.org/security-considerations for suggestions on keeping ChromeDriver safe.
advancedframework-chrome-2               | ChromeDriver was started successfully.
advancedframework-chrome-2               | [1677463506.704][SEVERE]: bind() failed: Cannot assign requested address (99)
advancedframework-chrome-7               | ChromeDriver was started successfully.
advancedframework-chrome-7               | [1677463506.706][SEVERE]: bind() failed: Cannot assign requested address (99)
advancedframework-chrome-9               | [1677463507.590][WARNING]: This version of ChromeDriver has not been tested with Chrome version 112.
advancedframework-chrome-8               | [1677463507.750][WARNING]: This version of ChromeDriver has not been tested with Chrome version 112.
advancedframework-chrome-3               | [1677463507.846][WARNING]: This version of ChromeDriver has not been tested with Chrome version 112.
advancedframework-chrome-10              | [1677463507.895][WARNING]: This version of ChromeDriver has not been tested with Chrome version 112.
advancedframework-chrome-5               | [1677463507.937][WARNING]: This version of ChromeDriver has not been tested with Chrome version 112.
advancedframework-chrome-1               | [1677463507.969][WARNING]: This version of ChromeDriver has not been tested with Chrome version 112.
advancedframework-chrome-2               | [1677463508.140][WARNING]: This version of ChromeDriver has not been tested with Chrome version 112.
advancedframework-chrome-6               | [1677463508.290][WARNING]: This version of ChromeDriver has not been tested with Chrome version 112.
advancedframework-chrome-7               | [1677463508.307][WARNING]: This version of ChromeDriver has not been tested with Chrome version 112.
advancedframework-chrome-4               | [1677463508.394][WARNING]: This version of ChromeDriver has not been tested with Chrome version 112.
advancedframework-chrome-8               | 02:05:08.564 INFO [LocalNode.newSession] - Session created by the Node. Id: ef4e532877ca5f79fa17a1f7b80fa591, Caps: Capabilities {acceptInsecureCerts: false, browserName: chrome, browserVersion: 112.0.5582.0, chrome: {chromedriverVersion: 111.0.5563.19 (378a38865270..., userDataDir: /tmp/.com.google.Chrome.qCql6b}, goog:chromeOptions: {debuggerAddress: localhost:33271}, networkConnectionEnabled: false, pageLoadStrategy: normal, platformName: LINUX, proxy: Proxy(), se:cdp: http://localhost:33271, se:cdpVersion: 112.0.5582.0, se:vncEnabled: true, se:vncLocalAddress: ws://172.18.0.8:7900, setWindowRect: true, strictFileInteractability: false, timeouts: {implicit: 0, pageLoad: 300000, script: 30000}, unhandledPromptBehavior: dismiss and notify, webauthn:extension:credBlob: true, webauthn:extension:largeBlob: true, webauthn:extension:minPinLength: true, webauthn:extension:prf: true, webauthn:virtualAuthenticators: true}
selenium-hub                             | 02:05:08.650 INFO [LocalDistributor.newSession] - Session created by the Distributor. Id: ef4e532877ca5f79fa17a1f7b80fa591 
selenium-hub                             |  Caps: Capabilities {acceptInsecureCerts: false, browserName: chrome, browserVersion: 112.0.5582.0, chrome: {chromedriverVersion: 111.0.5563.19 (378a38865270..., userDataDir: /tmp/.com.google.Chrome.qCql6b}, goog:chromeOptions: {debuggerAddress: localhost:33271}, networkConnectionEnabled: false, pageLoadStrategy: normal, platformName: LINUX, proxy: {}, se:bidiEnabled: false, se:cdp: ws://172.18.0.8:4444/sessio..., se:cdpVersion: 112.0.5582.0, se:vnc: ws://172.18.0.8:4444/sessio..., se:vncEnabled: true, se:vncLocalAddress: ws://172.18.0.8:7900, setWindowRect: true, strictFileInteractability: false, timeouts: {implicit: 0, pageLoad: 300000, script: 30000}, unhandledPromptBehavior: dismiss and notify, webauthn:extension:credBlob: true, webauthn:extension:largeBlob: true, webauthn:extension:minPinLength: true, webauthn:extension:prf: true, webauthn:virtualAuthenticators: true}
advancedframework-chrome-3               | 02:05:08.818 INFO [LocalNode.newSession] - Session created by the Node. Id: 9bb40ec9d5cdbaa88826ed2e0e95d1e8, Caps: Capabilities {acceptInsecureCerts: false, browserName: chrome, browserVersion: 112.0.5582.0, chrome: {chromedriverVersion: 111.0.5563.19 (378a38865270..., userDataDir: /tmp/.com.google.Chrome.trmkBs}, goog:chromeOptions: {debuggerAddress: localhost:35279}, networkConnectionEnabled: false, pageLoadStrategy: normal, platformName: LINUX, proxy: Proxy(), se:cdp: http://localhost:35279, se:cdpVersion: 112.0.5582.0, se:vncEnabled: true, se:vncLocalAddress: ws://172.18.0.11:7900, setWindowRect: true, strictFileInteractability: false, timeouts: {implicit: 0, pageLoad: 300000, script: 30000}, unhandledPromptBehavior: dismiss and notify, webauthn:extension:credBlob: true, webauthn:extension:largeBlob: true, webauthn:extension:minPinLength: true, webauthn:extension:prf: true, webauthn:virtualAuthenticators: true}
selenium-hub                             | 02:05:08.910 INFO [LocalDistributor.newSession] - Session created by the Distributor. Id: 9bb40ec9d5cdbaa88826ed2e0e95d1e8 
selenium-hub                             |  Caps: Capabilities {acceptInsecureCerts: false, browserName: chrome, browserVersion: 112.0.5582.0, chrome: {chromedriverVersion: 111.0.5563.19 (378a38865270..., userDataDir: /tmp/.com.google.Chrome.trmkBs}, goog:chromeOptions: {debuggerAddress: localhost:35279}, networkConnectionEnabled: false, pageLoadStrategy: normal, platformName: LINUX, proxy: {}, se:bidiEnabled: false, se:cdp: ws://172.18.0.11:4444/sessi..., se:cdpVersion: 112.0.5582.0, se:vnc: ws://172.18.0.11:4444/sessi..., se:vncEnabled: true, se:vncLocalAddress: ws://172.18.0.11:7900, setWindowRect: true, strictFileInteractability: false, timeouts: {implicit: 0, pageLoad: 300000, script: 30000}, unhandledPromptBehavior: dismiss and notify, webauthn:extension:credBlob: true, webauthn:extension:largeBlob: true, webauthn:extension:minPinLength: true, webauthn:extension:prf: true, webauthn:virtualAuthenticators: true}
