advancedframework-chrome-9               | 02:05:09.015 INFO [LocalNode.newSession] - Session created by the Node. Id: 300aa3c8b999edeb2edcfe45444bb9ce, Caps: Capabilities {acceptInsecureCerts: false, browserName: chrome, browserVersion: 112.0.5582.0, chrome: {chromedriverVersion: 111.0.5563.19 (378a38865270..., userDataDir: /tmp/.com.google.Chrome.C6gYiW}, goog:chromeOptions: {debuggerAddress: localhost:33281}, networkConnectionEnabled: false, pageLoadStrategy: normal, platformName: LINUX, proxy: Proxy(), se:cdp: http://localhost:33281, se:cdpVersion: 112.0.5582.0, se:vncEnabled: true, se:vncLocalAddress: ws://172.18.0.12:7900, setWindowRect: true, strictFileInteractability: false, timeouts: {implicit: 0, pageLoad: 300000, script: 30000}, unhandledPromptBehavior: dismiss and notify, webauthn:extension:credBlob: true, webauthn:extension:largeBlob: true, webauthn:extension:minPinLength: true, webauthn:extension:prf: true, webauthn:virtualAuthenticators: true}
selenium-hub                             | 02:05:09.081 INFO [LocalDistributor.newSession] - Session created by the Distributor. Id: 300aa3c8b999edeb2edcfe45444bb9ce 
selenium-hub                             |  Caps: Capabilities {acceptInsecureCerts: false, browserName: chrome, browserVersion: 112.0.5582.0, chrome: {chromedriverVersion: 111.0.5563.19 (378a38865270..., userDataDir: /tmp/.com.google.Chrome.C6gYiW}, goog:chromeOptions: {debuggerAddress: localhost:33281}, networkConnectionEnabled: false, pageLoadStrategy: normal, platformName: LINUX, proxy: {}, se:bidiEnabled: false, se:cdp: ws://172.18.0.12:4444/sessi..., se:cdpVersion: 112.0.5582.0, se:vnc: ws://172.18.0.12:4444/sessi..., se:vncEnabled: true, se:vncLocalAddress: ws://172.18.0.12:7900, setWindowRect: true, strictFileInteractability: false, timeouts: {implicit: 0, pageLoad: 300000, script: 30000}, unhandledPromptBehavior: dismiss and notify, webauthn:extension:credBlob: true, webauthn:extension:largeBlob: true, webauthn:extension:minPinLength: true, webauthn:extension:prf: true, webauthn:virtualAuthenticators: true}
advancedframework-chrome-5               | 02:05:09.301 INFO [LocalNode.newSession] - Session created by the Node. Id: 6855f3d958f6f8a49775569a0552f6a3, Caps: Capabilities {acceptInsecureCerts: false, browserName: chrome, browserVersion: 112.0.5582.0, chrome: {chromedriverVersion: 111.0.5563.19 (378a38865270..., userDataDir: /tmp/.com.google.Chrome.gWC0uq}, goog:chromeOptions: {debuggerAddress: localhost:41919}, networkConnectionEnabled: false, pageLoadStrategy: normal, platformName: LINUX, proxy: Proxy(), se:cdp: http://localhost:41919, se:cdpVersion: 112.0.5582.0, se:vncEnabled: true, se:vncLocalAddress: ws://172.18.0.7:7900, setWindowRect: true, strictFileInteractability: false, timeouts: {implicit: 0, pageLoad: 300000, script: 30000}, unhandledPromptBehavior: dismiss and notify, webauthn:extension:credBlob: true, webauthn:extension:largeBlob: true, webauthn:extension:minPinLength: true, webauthn:extension:prf: true, webauthn:virtualAuthenticators: true}
advancedframework-chrome-2               | 02:05:09.343 INFO [LocalNode.newSession] - Session created by the Node. Id: 3486907c787cd9b07b05cd4620247a29, Caps: Capabilities {acceptInsecureCerts: false, browserName: chrome, browserVersion: 112.0.5582.0, chrome: {chromedriverVersion: 111.0.5563.19 (378a38865270..., userDataDir: /tmp/.com.google.Chrome.6fLJCk}, goog:chromeOptions: {debuggerAddress: localhost:38947}, networkConnectionEnabled: false, pageLoadStrategy: normal, platformName: LINUX, proxy: Proxy(), se:cdp: http://localhost:38947, se:cdpVersion: 112.0.5582.0, se:vncEnabled: true, se:vncLocalAddress: ws://172.18.0.10:7900, setWindowRect: true, strictFileInteractability: false, timeouts: {implicit: 0, pageLoad: 300000, script: 30000}, unhandledPromptBehavior: dismiss and notify, webauthn:extension:credBlob: true, webauthn:extension:largeBlob: true, webauthn:extension:minPinLength: true, webauthn:extension:prf: true, webauthn:virtualAuthenticators: true}
selenium-hub                             | 02:05:09.382 INFO [LocalDistributor.newSession] - Session created by the Distributor. Id: 6855f3d958f6f8a49775569a0552f6a3 
selenium-hub                             |  Caps: Capabilities {acceptInsecureCerts: false, browserName: chrome, browserVersion: 112.0.5582.0, chrome: {chromedriverVersion: 111.0.5563.19 (378a38865270..., userDataDir: /tmp/.com.google.Chrome.gWC0uq}, goog:chromeOptions: {debuggerAddress: localhost:41919}, networkConnectionEnabled: false, pageLoadStrategy: normal, platformName: LINUX, proxy: {}, se:bidiEnabled: false, se:cdp: ws://172.18.0.7:4444/sessio..., se:cdpVersion: 112.0.5582.0, se:vnc: ws://172.18.0.7:4444/sessio..., se:vncEnabled: true, se:vncLocalAddress: ws://172.18.0.7:7900, setWindowRect: true, strictFileInteractability: false, timeouts: {implicit: 0, pageLoad: 300000, script: 30000}, unhandledPromptBehavior: dismiss and notify, webauthn:extension:credBlob: true, webauthn:extension:largeBlob: true, webauthn:extension:minPinLength: true, webauthn:extension:prf: true, webauthn:virtualAuthenticators: true}
advancedframework-chrome-10              | 02:05:09.389 INFO [LocalNode.newSession] - Session created by the Node. Id: 8fea7baeb02acdbeb4e3ebb6f1487512, Caps: Capabilities {acceptInsecureCerts: false, browserName: chrome, browserVersion: 112.0.5582.0, chrome: {chromedriverVersion: 111.0.5563.19 (378a38865270..., userDataDir: /tmp/.com.google.Chrome.Z1viPW}, goog:chromeOptions: {debuggerAddress: localhost:41189}, networkConnectionEnabled: false, pageLoadStrategy: normal, platformName: LINUX, proxy: Proxy(), se:cdp: http://localhost:41189, se:cdpVersion: 112.0.5582.0, se:vncEnabled: true, se:vncLocalAddress: ws://172.18.0.14:7900, setWindowRect: true, strictFileInteractability: false, timeouts: {implicit: 0, pageLoad: 300000, script: 30000}, unhandledPromptBehavior: dismiss and notify, webauthn:extension:credBlob: true, webauthn:extension:largeBlob: true, webauthn:extension:minPinLength: true, webauthn:extension:prf: true, webauthn:virtualAuthenticators: true}
selenium-hub                             | 02:05:09.450 INFO [LocalDistributor.newSession] - Session created by the Distributor. Id: 3486907c787cd9b07b05cd4620247a29 
selenium-hub                             |  Caps: Capabilities {acceptInsecureCerts: false, browserName: chrome, browserVersion: 112.0.5582.0, chrome: {chromedriverVersion: 111.0.5563.19 (378a38865270..., userDataDir: /tmp/.com.google.Chrome.6fLJCk}, goog:chromeOptions: {debuggerAddress: localhost:38947}, networkConnectionEnabled: false, pageLoadStrategy: normal, platformName: LINUX, proxy: {}, se:bidiEnabled: false, se:cdp: ws://172.18.0.10:4444/sessi..., se:cdpVersion: 112.0.5582.0, se:vnc: ws://172.18.0.10:4444/sessi..., se:vncEnabled: true, se:vncLocalAddress: ws://172.18.0.10:7900, setWindowRect: true, strictFileInteractability: false, timeouts: {implicit: 0, pageLoad: 300000, script: 30000}, unhandledPromptBehavior: dismiss and notify, webauthn:extension:credBlob: true, webauthn:extension:largeBlob: true, webauthn:extension:minPinLength: true, webauthn:extension:prf: true, webauthn:virtualAuthenticators: true}
selenium-hub                             | 02:05:09.523 INFO [LocalDistributor.newSession] - Session created by the Distributor. Id: 8fea7baeb02acdbeb4e3ebb6f1487512 
selenium-hub                             |  Caps: Capabilities {acceptInsecureCerts: false, browserName: chrome, browserVersion: 112.0.5582.0, chrome: {chromedriverVersion: 111.0.5563.19 (378a38865270..., userDataDir: /tmp/.com.google.Chrome.Z1viPW}, goog:chromeOptions: {debuggerAddress: localhost:41189}, networkConnectionEnabled: false, pageLoadStrategy: normal, platformName: LINUX, proxy: {}, se:bidiEnabled: false, se:cdp: ws://172.18.0.14:4444/sessi..., se:cdpVersion: 112.0.5582.0, se:vnc: ws://172.18.0.14:4444/sessi..., se:vncEnabled: true, se:vncLocalAddress: ws://172.18.0.14:7900, setWindowRect: true, strictFileInteractability: false, timeouts: {implicit: 0, pageLoad: 300000, script: 30000}, unhandledPromptBehavior: dismiss and notify, webauthn:extension:credBlob: true, webauthn:extension:largeBlob: true, webauthn:extension:minPinLength: true, webauthn:extension:prf: true, webauthn:virtualAuthenticators: true}
advancedframework-chrome-7               | 02:05:09.514 INFO [LocalNode.newSession] - Session created by the Node. Id: c232d86c186e7914b75fca23169a6fe1, Caps: Capabilities {acceptInsecureCerts: false, browserName: chrome, browserVersion: 112.0.5582.0, chrome: {chromedriverVersion: 111.0.5563.19 (378a38865270..., userDataDir: /tmp/.com.google.Chrome.NxXFpv}, goog:chromeOptions: {debuggerAddress: localhost:41971}, networkConnectionEnabled: false, pageLoadStrategy: normal, platformName: LINUX, proxy: Proxy(), se:cdp: http://localhost:41971, se:cdpVersion: 112.0.5582.0, se:vncEnabled: true, se:vncLocalAddress: ws://172.18.0.9:7900, setWindowRect: true, strictFileInteractability: false, timeouts: {implicit: 0, pageLoad: 300000, script: 30000}, unhandledPromptBehavior: dismiss and notify, webauthn:extension:credBlob: true, webauthn:extension:largeBlob: true, webauthn:extension:minPinLength: true, webauthn:extension:prf: true, webauthn:virtualAuthenticators: true}
advancedframework-chrome-1               | 02:05:09.646 INFO [LocalNode.newSession] - Session created by the Node. Id: dc8919ab01f194d117a09ef3fa633bb1, Caps: Capabilities {acceptInsecureCerts: false, browserName: chrome, browserVersion: 112.0.5582.0, chrome: {chromedriverVersion: 111.0.5563.19 (378a38865270..., userDataDir: /tmp/.com.google.Chrome.XVMWmZ}, goog:chromeOptions: {debuggerAddress: localhost:46023}, networkConnectionEnabled: false, pageLoadStrategy: normal, platformName: LINUX, proxy: Proxy(), se:cdp: http://localhost:46023, se:cdpVersion: 112.0.5582.0, se:vncEnabled: true, se:vncLocalAddress: ws://172.18.0.4:7900, setWindowRect: true, strictFileInteractability: false, timeouts: {implicit: 0, pageLoad: 300000, script: 30000}, unhandledPromptBehavior: dismiss and notify, webauthn:extension:credBlob: true, webauthn:extension:largeBlob: true, webauthn:extension:minPinLength: true, webauthn:extension:prf: true, webauthn:virtualAuthenticators: true}
selenium-hub                             | 02:05:09.751 INFO [LocalDistributor.newSession] - Session created by the Distributor. Id: c232d86c186e7914b75fca23169a6fe1 
selenium-hub                             |  Caps: Capabilities {acceptInsecureCerts: false, browserName: chrome, browserVersion: 112.0.5582.0, chrome: {chromedriverVersion: 111.0.5563.19 (378a38865270..., userDataDir: /tmp/.com.google.Chrome.NxXFpv}, goog:chromeOptions: {debuggerAddress: localhost:41971}, networkConnectionEnabled: false, pageLoadStrategy: normal, platformName: LINUX, proxy: {}, se:bidiEnabled: false, se:cdp: ws://172.18.0.9:4444/sessio..., se:cdpVersion: 112.0.5582.0, se:vnc: ws://172.18.0.9:4444/sessio..., se:vncEnabled: true, se:vncLocalAddress: ws://172.18.0.9:7900, setWindowRect: true, strictFileInteractability: false, timeouts: {implicit: 0, pageLoad: 300000, script: 30000}, unhandledPromptBehavior: dismiss and notify, webauthn:extension:credBlob: true, webauthn:extension:largeBlob: true, webauthn:extension:minPinLength: true, webauthn:extension:prf: true, webauthn:virtualAuthenticators: true}
advancedframework-chrome-4               | 02:05:09.812 INFO [LocalNode.newSession] - Session created by the Node. Id: a15b71dd5bddc4068f6d233020f007ea, Caps: Capabilities {acceptInsecureCerts: false, browserName: chrome, browserVersion: 112.0.5582.0, chrome: {chromedriverVersion: 111.0.5563.19 (378a38865270..., userDataDir: /tmp/.com.google.Chrome.ArxNFU}, goog:chromeOptions: {debuggerAddress: localhost:35811}, networkConnectionEnabled: false, pageLoadStrategy: normal, platformName: LINUX, proxy: Proxy(), se:cdp: http://localhost:35811, se:cdpVersion: 112.0.5582.0, se:vncEnabled: true, se:vncLocalAddress: ws://172.18.0.13:7900, setWindowRect: true, strictFileInteractability: false, timeouts: {implicit: 0, pageLoad: 300000, script: 30000}, unhandledPromptBehavior: dismiss and notify, webauthn:extension:credBlob: true, webauthn:extension:largeBlob: true, webauthn:extension:minPinLength: true, webauthn:extension:prf: true, webauthn:virtualAuthenticators: true}
selenium-hub                             | 02:05:09.985 INFO [LocalDistributor.newSession] - Session created by the Distributor. Id: a15b71dd5bddc4068f6d233020f007ea 
selenium-hub                             |  Caps: Capabilities {acceptInsecureCerts: false, browserName: chrome, browserVersion: 112.0.5582.0, chrome: {chromedriverVersion: 111.0.5563.19 (378a38865270..., userDataDir: /tmp/.com.google.Chrome.ArxNFU}, goog:chromeOptions: {debuggerAddress: localhost:35811}, networkConnectionEnabled: false, pageLoadStrategy: normal, platformName: LINUX, proxy: {}, se:bidiEnabled: false, se:cdp: ws://172.18.0.13:4444/sessi..., se:cdpVersion: 112.0.5582.0, se:vnc: ws://172.18.0.13:4444/sessi..., se:vncEnabled: true, se:vncLocalAddress: ws://172.18.0.13:7900, setWindowRect: true, strictFileInteractability: false, timeouts: {implicit: 0, pageLoad: 300000, script: 30000}, unhandledPromptBehavior: dismiss and notify, webauthn:extension:credBlob: true, webauthn:extension:largeBlob: true, webauthn:extension:minPinLength: true, webauthn:extension:prf: true, webauthn:virtualAuthenticators: true}
selenium-hub                             | 02:05:09.995 INFO [LocalDistributor.newSession] - Session created by the Distributor. Id: dc8919ab01f194d117a09ef3fa633bb1 
selenium-hub                             |  Caps: Capabilities {acceptInsecureCerts: false, browserName: chrome, browserVersion: 112.0.5582.0, chrome: {chromedriverVersion: 111.0.5563.19 (378a38865270..., userDataDir: /tmp/.com.google.Chrome.XVMWmZ}, goog:chromeOptions: {debuggerAddress: localhost:46023}, networkConnectionEnabled: false, pageLoadStrategy: normal, platformName: LINUX, proxy: {}, se:bidiEnabled: false, se:cdp: ws://172.18.0.4:4444/sessio..., se:cdpVersion: 112.0.5582.0, se:vnc: ws://172.18.0.4:4444/sessio..., se:vncEnabled: true, se:vncLocalAddress: ws://172.18.0.4:7900, setWindowRect: true, strictFileInteractability: false, timeouts: {implicit: 0, pageLoad: 300000, script: 30000}, unhandledPromptBehavior: dismiss and notify, webauthn:extension:credBlob: true, webauthn:extension:largeBlob: true, webauthn:extension:minPinLength: true, webauthn:extension:prf: true, webauthn:virtualAuthenticators: true}
advancedframework-chrome-6               | 02:05:10.468 INFO [LocalNode.newSession] - Session created by the Node. Id: 452454d3f2ce8a8132a5061932cf8a49, Caps: Capabilities {acceptInsecureCerts: false, browserName: chrome, browserVersion: 112.0.5582.0, chrome: {chromedriverVersion: 111.0.5563.19 (378a38865270..., userDataDir: /tmp/.com.google.Chrome.KHL0tX}, goog:chromeOptions: {debuggerAddress: localhost:45707}, networkConnectionEnabled: false, pageLoadStrategy: normal, platformName: LINUX, proxy: Proxy(), se:cdp: http://localhost:45707, se:cdpVersion: 112.0.5582.0, se:vncEnabled: true, se:vncLocalAddress: ws://172.18.0.6:7900, setWindowRect: true, strictFileInteractability: false, timeouts: {implicit: 0, pageLoad: 300000, script: 30000}, unhandledPromptBehavior: dismiss and notify, webauthn:extension:credBlob: true, webauthn:extension:largeBlob: true, webauthn:extension:minPinLength: true, webauthn:extension:prf: true, webauthn:virtualAuthenticators: true}
selenium-hub                             | 02:05:10.581 INFO [LocalDistributor.newSession] - Session created by the Distributor. Id: 452454d3f2ce8a8132a5061932cf8a49 
selenium-hub                             |  Caps: Capabilities {acceptInsecureCerts: false, browserName: chrome, browserVersion: 112.0.5582.0, chrome: {chromedriverVersion: 111.0.5563.19 (378a38865270..., userDataDir: /tmp/.com.google.Chrome.KHL0tX}, goog:chromeOptions: {debuggerAddress: localhost:45707}, networkConnectionEnabled: false, pageLoadStrategy: normal, platformName: LINUX, proxy: {}, se:bidiEnabled: false, se:cdp: ws://172.18.0.6:4444/sessio..., se:cdpVersion: 112.0.5582.0, se:vnc: ws://172.18.0.6:4444/sessio..., se:vncEnabled: true, se:vncLocalAddress: ws://172.18.0.6:7900, setWindowRect: true, strictFileInteractability: false, timeouts: {implicit: 0, pageLoad: 300000, script: 30000}, unhandledPromptBehavior: dismiss and notify, webauthn:extension:credBlob: true, webauthn:extension:largeBlob: true, webauthn:extension:minPinLength: true, webauthn:extension:prf: true, webauthn:virtualAuthenticators: true}
advancedframework-chrome-8               | 02:05:13.843 INFO [SessionSlot.stop] - Stopping session ef4e532877ca5f79fa17a1f7b80fa591
selenium-hub                             | 02:05:13.848 INFO [LocalSessionMap.lambda$new$0] - Deleted session from local Session Map, Id: ef4e532877ca5f79fa17a1f7b80fa591
selenium-hub                             | 02:05:13.850 INFO [GridModel.release] - Releasing slot for session id ef4e532877ca5f79fa17a1f7b80fa591
selenium-hub                             | 02:05:13.916 INFO [LocalDistributor.newSession] - Session request received by the Distributor: 
selenium-hub                             |  [Capabilities {browserName: chrome}, Capabilities {browserName: chrome, platform: ANY, version: }]
advancedframework-chrome-8               | Starting ChromeDriver 111.0.5563.19 (378a38865270d286695aeb86f190564911ef7bc2-refs/branch-heads/5563@{#251}) on port 3424
advancedframework-chrome-8               | Only local connections are allowed.
advancedframework-chrome-8               | Please see https://chromedriver.chromium.org/security-considerations for suggestions on keeping ChromeDriver safe.
advancedframework-chrome-8               | [1677463513.986][SEVERE]: bind() failed: Cannot assign requested address (99)
advancedframework-chrome-8               | ChromeDriver was started successfully.
advancedframework-chrome-5               | 02:05:14.644 INFO [SessionSlot.stop] - Stopping session 6855f3d958f6f8a49775569a0552f6a3
selenium-hub                             | 02:05:14.658 INFO [GridModel.release] - Releasing slot for session id 6855f3d958f6f8a49775569a0552f6a3
selenium-hub                             | 02:05:14.685 INFO [LocalSessionMap.lambda$new$0] - Deleted session from local Session Map, Id: 6855f3d958f6f8a49775569a0552f6a3
selenium-hub                             | 02:05:14.768 INFO [LocalDistributor.newSession] - Session request received by the Distributor: 
selenium-hub                             |  [Capabilities {browserName: chrome}, Capabilities {browserName: chrome, platform: ANY, version: }]
advancedframework-chrome-5               | Starting ChromeDriver 111.0.5563.19 (378a38865270d286695aeb86f190564911ef7bc2-refs/branch-heads/5563@{#251}) on port 8229
advancedframework-chrome-5               | Only local connections are allowed.
advancedframework-chrome-5               | Please see h[1677463514.8t8t2p]s[:S/E/VcEhRrEo]m:e dbriinvde(r). cfhariolmeidu:m .Coarngn/oste causrsiitgyn- croenqsuiedsetreadt address (99)
advancedframework-chrome-5               | ions for suggestions on keeping ChromeDriver safe.
advancedframework-chrome-5               | ChromeDriver was started successfully.
advancedframework-chrome-9               | 02:05:15.531 INFO [SessionSlot.stop] - Stopping session 300aa3c8b999edeb2edcfe45444bb9ce
selenium-hub                             | 02:05:15.546 INFO [LocalSessionMap.lambda$new$0] - Deleted session from local Session Map, Id: 300aa3c8b999edeb2edcfe45444bb9ce
selenium-hub                             | 02:05:15.547 INFO [GridModel.release] - Releasing slot for session id 300aa3c8b999edeb2edcfe45444bb9ce
selenium-hub                             | 02:05:15.652 INFO [LocalDistributor.newSession] - Session request received by the Distributor: 
selenium-hub                             |  [Capabilities {browserName: chrome}, Capabilities {browserName: chrome, platform: ANY, version: }]
advancedframework-chrome-7               | 02:05:15.657 INFO [SessionSlot.stop] - Stopping session c232d86c186e7914b75fca23169a6fe1
advancedframework-chrome-8               | [1677463515.744][WARNING]: This version of ChromeDriver has not been tested with Chrome version 112.
advancedframework-chrome-10              | 02:05:15.832 INFO [SessionSlot.stop] - Stopping session 8fea7baeb02acdbeb4e3ebb6f1487512
selenium-hub                             | 02:05:15.927 INFO [GridModel.release] - Releasing slot for session id c232d86c186e7914b75fca23169a6fe1
selenium-hub                             | 02:05:15.928 INFO [LocalSessionMap.lambda$new$0] - Deleted session from local Session Map, Id: c232d86c186e7914b75fca23169a6fe1
selenium-hub                             | 02:05:16.038 INFO [GridModel.release] - Releasing slot for session id 8fea7baeb02acdbeb4e3ebb6f1487512
selenium-hub                             | 02:05:16.039 INFO [LocalSessionMap.lambda$new$0] - Deleted session from local Session Map, Id: 8fea7baeb02acdbeb4e3ebb6f1487512
selenium-hub                             | 02:05:16.117 INFO [LocalDistributor.newSession] - Session request received by the Distributor: 
selenium-hub                             |  [Capabilities {browserName: chrome}, Capabilities {browserName: chrome, platform: ANY, version: }]
advancedframework-chrome-9               | Starting ChromeDriver 111.0.5563.19 (378a38865270d286695aeb86f190564911ef7bc2-refs/branch-heads/5563@{#251}) on port 12800
advancedframework-chrome-9               | Only local connections are allowed.
advancedframework-chrome-9               | Please see https://chromedriver.chromium.org/security-considerations for suggestions on keeping ChromeDriver safe.
advancedframework-chrome-9               | [1677463516.158][SEVERE]: bind() failed: Cannot assign requested address (99)
advancedframework-chrome-9               | ChromeDriver was started successfully.
advancedframework-chrome-10              | Starting ChromeDriver 111.0.5563.19 (378a38865270d286695aeb86f190564911ef7bc2-refs/branch-heads/5563@{#251}) on port 3505
advancedframework-chrome-10              | Only local connections are allowed.
advancedframework-chrome-10              | Please see https://chromedriver.chromium.org/security-considerations for suggestions on keeping ChromeDriver safe.
advancedframework-chrome-10              | [1677463516.238][SEVERE]: bind() failed: Cannot assign requested address (99)
advancedframework-chrome-10              | ChromeDriver was started successfully.
selenium-hub                             | 02:05:16.235 INFO [LocalDistributor.newSession] - Session request received by the Distributor: 
selenium-hub                             |  [Capabilities {browserName: chrome}, Capabilities {browserName: chrome, platform: ANY, version: }]
advancedframework-chrome-7               | Starting ChromeDriver 111.0.5563.19 (378a38865270d286695aeb86f190564911ef7bc2-refs/branch-heads/5563@{#251}) on port 32324
advancedframework-chrome-7               | Only local connections are allowed.
advancedframework-chrome-7               | Please see https://chromedriver.chromium.org/security-considerations for suggestions on keeping ChromeDriver safe.
advancedframework-chrome-7               | ChromeDriver was started successfully.
advancedframework-chrome-7               | [1677463516.341][SEVERE]: bind() failed: Cannot assign requested address (99)
advancedframework-chrome-1               | 02:05:16.683 INFO [SessionSlot.stop] - Stopping session dc8919ab01f194d117a09ef3fa633bb1
selenium-hub                             | 02:05:16.708 INFO [LocalSessionMap.lambda$new$0] - Deleted session from local Session Map, Id: dc8919ab01f194d117a09ef3fa633bb1
selenium-hub                             | 02:05:16.709 INFO [GridModel.release] - Releasing slot for session id dc8919ab01f194d117a09ef3fa633bb1
advancedframework-chrome-4               | 02:05:16.736 INFO [SessionSlot.stop] - Stopping session a15b71dd5bddc4068f6d233020f007ea
selenium-hub                             | 02:05:16.796 INFO [LocalDistributor.newSession] - Session request received by the Distributor: 
selenium-hub                             |  [Capabilities {browserName: chrome}, Capabilities {browserName: chrome, platform: ANY, version: }]
advancedframework-chrome-3               | 02:05:16.815 INFO [SessionSlot.stop] - Stopping session 9bb40ec9d5cdbaa88826ed2e0e95d1e8
advancedframework-chrome-8               | 02:05:16.882 INFO [LocalNode.newSession] - Session created by the Node. Id: 09c920e82b27c622f4d21ca2366f53c0, Caps: Capabilities {acceptInsecureCerts: false, browserName: chrome, browserVersion: 112.0.5582.0, chrome: {chromedriverVersion: 111.0.5563.19 (378a38865270..., userDataDir: /tmp/.com.google.Chrome.9OmwRY}, goog:chromeOptions: {debuggerAddress: localhost:45457}, networkConnectionEnabled: false, pageLoadStrategy: normal, platformName: LINUX, proxy: Proxy(), se:cdp: http://localhost:45457, se:cdpVersion: 112.0.5582.0, se:vncEnabled: true, se:vncLocalAddress: ws://172.18.0.8:7900, setWindowRect: true, strictFileInteractability: false, timeouts: {implicit: 0, pageLoad: 300000, script: 30000}, unhandledPromptBehavior: dismiss and notify, webauthn:extension:credBlob: true, webauthn:extension:largeBlob: true, webauthn:extension:minPinLength: true, webauthn:extension:prf: true, webauthn:virtualAuthenticators: true}
advancedframework-chrome-2               | 02:05:16.891 INFO [SessionSlot.stop] - Stopping session 3486907c787cd9b07b05cd4620247a29
selenium-hub                             | 02:05:16.898 INFO [LocalSessionMap.lambda$new$0] - Deleted session from local Session Map, Id: a15b71dd5bddc4068f6d233020f007ea
selenium-hub                             | 02:05:16.900 INFO [GridModel.release] - Releasing slot for session id a15b71dd5bddc4068f6d233020f007ea
selenium-hub                             | 02:05:16.901 INFO [LocalSessionMap.lambda$new$0] - Deleted session from local Session Map, Id: 9bb40ec9d5cdbaa88826ed2e0e95d1e8
selenium-hub                             | 02:05:16.902 INFO [GridModel.release] - Releasing slot for session id 9bb40ec9d5cdbaa88826ed2e0e95d1e8
selenium-hub                             | 02:05:16.916 INFO [LocalDistributor.newSession] - Session request received by the Distributor: 
selenium-hub                             |  [Capabilities {browserName: chrome}, Capabilities {browserName: chrome, platform: ANY, version: }]
advancedframework-chrome-5               | [1677463516.947][WARNING]: This version of ChromeDriver has not been tested with Chrome version 112.
selenium-hub                             | 02:05:16.980 INFO [LocalSessionMap.lambda$new$0] - Deleted session from local Session Map, Id: 3486907c787cd9b07b05cd4620247a29
selenium-hub                             | 02:05:16.981 INFO [LocalDistributor.newSession] - Session created by the Distributor. Id: 09c920e82b27c622f4d21ca2366f53c0 
selenium-hub                             |  Caps: Capabilities {acceptInsecureCerts: false, browserName: chrome, browserVersion: 112.0.5582.0, chrome: {chromedriverVersion: 111.0.5563.19 (378a38865270..., userDataDir: /tmp/.com.google.Chrome.9OmwRY}, goog:chromeOptions: {debuggerAddress: localhost:45457}, networkConnectionEnabled: false, pageLoadStrategy: normal, platformName: LINUX, proxy: {}, se:bidiEnabled: false, se:cdp: ws://172.18.0.8:4444/sessio..., se:cdpVersion: 112.0.5582.0, se:vnc: ws://172.18.0.8:4444/sessio..., se:vncEnabled: true, se:vncLocalAddress: ws://172.18.0.8:7900, setWindowRect: true, strictFileInteractability: false, timeouts: {implicit: 0, pageLoad: 300000, script: 30000}, unhandledPromptBehavior: dismiss and notify, webauthn:extension:credBlob: true, webauthn:extension:largeBlob: true, webauthn:extension:minPinLength: true, webauthn:extension:prf: true, webauthn:virtualAuthenticators: true}
selenium-hub                             | 02:05:16.981 INFO [GridModel.release] - Releasing slot for session id 3486907c787cd9b07b05cd4620247a29
advancedframework-chrome-3               | Starting ChromeDriver 111.0.5563.19 (378a38865270d286695aeb86f190564911ef7bc2-refs/branch-heads/5563@{#251}) on port 18847
advancedframework-chrome-3               | Only local connections are allowed.
advancedframework-chrome-3               | Please see https://chromedriver.chromium.org/security-considerations for suggestions on keeping ChromeDriver safe.
advancedframework-chrome-3               | ChromeDriver was started successfully.
advancedframework-chrome-3               | [1677463517.026][SEVERE]: bind() failed: Cannot assign requested address (99)
advancedframework-chrome-1               | Starting ChromeDriver 111.0.5563.19 (378a38865270d286695aeb86f190564911ef7bc2-refs/branch-heads/5563@{#251}) on port 19947
advancedframework-chrome-1               | Only local connections are allowed.
advancedframework-chrome-1               | Please see https://chromedriver.chromium.org/security-considerations for suggestions on keeping ChromeDriver safe.
advancedframework-chrome-1               | ChromeDriver was started successfully.
advancedframework-chrome-1               | [1677463517.020][SEVERE]: bind() failed: Cannot assign requested address (99)
advancedframework-chrome-6               | 02:05:17.083 INFO [SessionSlot.stop] - Stopping session 452454d3f2ce8a8132a5061932cf8a49
selenium-hub                             | 02:05:17.098 INFO [LocalSessionMap.lambda$new$0] - Deleted session from local Session Map, Id: 452454d3f2ce8a8132a5061932cf8a49
selenium-hub                             | 02:05:17.099 INFO [GridModel.release] - Releasing slot for session id 452454d3f2ce8a8132a5061932cf8a49
advancedframework-chrome-5               | 02:05:17.494 INFO [LocalNode.newSession] - Session created by the Node. Id: 1750e0164f0c4c49df468053d0d2ce86, Caps: Capabilities {acceptInsecureCerts: false, browserName: chrome, browserVersion: 112.0.5582.0, chrome: {chromedriverVersion: 111.0.5563.19 (378a38865270..., userDataDir: /tmp/.com.google.Chrome.ATyr8L}, goog:chromeOptions: {debuggerAddress: localhost:33225}, networkConnectionEnabled: false, pageLoadStrategy: normal, platformName: LINUX, proxy: Proxy(), se:cdp: http://localhost:33225, se:cdpVersion: 112.0.5582.0, se:vncEnabled: true, se:vncLocalAddress: ws://172.18.0.7:7900, setWindowRect: true, strictFileInteractability: false, timeouts: {implicit: 0, pageLoad: 300000, script: 30000}, unhandledPromptBehavior: dismiss and notify, webauthn:extension:credBlob: true, webauthn:extension:largeBlob: true, webauthn:extension:minPinLength: true, webauthn:extension:prf: true, webauthn:virtualAuthenticators: true}
selenium-hub                             | 02:05:17.548 INFO [LocalDistributor.newSession] - Session created by the Distributor. Id: 1750e0164f0c4c49df468053d0d2ce86 
selenium-hub                             |  Caps: Capabilities {acceptInsecureCerts: false, browserName: chrome, browserVersion: 112.0.5582.0, chrome: {chromedriverVersion: 111.0.5563.19 (378a38865270..., userDataDir: /tmp/.com.google.Chrome.ATyr8L}, goog:chromeOptions: {debuggerAddress: localhost:33225}, networkConnectionEnabled: false, pageLoadStrategy: normal, platformName: LINUX, proxy: {}, se:bidiEnabled: false, se:cdp: ws://172.18.0.7:4444/sessio..., se:cdpVersion: 112.0.5582.0, se:vnc: ws://172.18.0.7:4444/sessio..., se:vncEnabled: true, se:vncLocalAddress: ws://172.18.0.7:7900, setWindowRect: true, strictFileInteractability: false, timeouts: {implicit: 0, pageLoad: 300000, script: 30000}, unhandledPromptBehavior: dismiss and notify, webauthn:extension:credBlob: true, webauthn:extension:largeBlob: true, webauthn:extension:minPinLength: true, webauthn:extension:prf: true, webauthn:virtualAuthenticators: true}
advancedframework-chrome-10              | [1677463517.642][WARNING]: This version of ChromeDriver has not been tested with Chrome version 112.
advancedframework-chrome-7               | [1677463517.732][WARNING]: This version of ChromeDriver has not been tested with Chrome version 112.
advancedframework-chrome-1               | [1677463518.025][WARNING]: This version of ChromeDriver has not been tested with Chrome version 112.
advancedframework-chrome-9               | [1677463518.106][WARNING]: This version of ChromeDriver has not been tested with Chrome version 112.
advancedframework-chrome-10              | 02:05:18.232 INFO [LocalNode.newSession] - Session created by the Node. Id: f283810ae65219b0f62d290105e51def, Caps: Capabilities {acceptInsecureCerts: false, browserName: chrome, browserVersion: 112.0.5582.0, chrome: {chromedriverVersion: 111.0.5563.19 (378a38865270..., userDataDir: /tmp/.com.google.Chrome.WEP09G}, goog:chromeOptions: {debuggerAddress: localhost:32915}, networkConnectionEnabled: false, pageLoadStrategy: normal, platformName: LINUX, proxy: Proxy(), se:cdp: http://localhost:32915, se:cdpVersion: 112.0.5582.0, se:vncEnabled: true, se:vncLocalAddress: ws://172.18.0.14:7900, setWindowRect: true, strictFileInteractability: false, timeouts: {implicit: 0, pageLoad: 300000, script: 30000}, unhandledPromptBehavior: dismiss and notify, webauthn:extension:credBlob: true, webauthn:extension:largeBlob: true, webauthn:extension:minPinLength: true, webauthn:extension:prf: true, webauthn:virtualAuthenticators: true}
selenium-hub                             | 02:05:18.256 INFO [LocalDistributor.newSession] - Session created by the Distributor. Id: f283810ae65219b0f62d290105e51def 
selenium-hub                             |  Caps: Capabilities {acceptInsecureCerts: false, browserName: chrome, browserVersion: 112.0.5582.0, chrome: {chromedriverVersion: 111.0.5563.19 (378a38865270..., userDataDir: /tmp/.com.google.Chrome.WEP09G}, goog:chromeOptions: {debuggerAddress: localhost:32915}, networkConnectionEnabled: false, pageLoadStrategy: normal, platformName: LINUX, proxy: {}, se:bidiEnabled: false, se:cdp: ws://172.18.0.14:4444/sessi..., se:cdpVersion: 112.0.5582.0, se:vnc: ws://172.18.0.14:4444/sessi..., se:vncEnabled: true, se:vncLocalAddress: ws://172.18.0.14:7900, setWindowRect: true, strictFileInteractability: false, timeouts: {implicit: 0, pageLoad: 300000, script: 30000}, unhandledPromptBehavior: dismiss and notify, webauthn:extension:credBlob: true, webauthn:extension:largeBlob: true, webauthn:extension:minPinLength: true, webauthn:extension:prf: true, webauthn:virtualAuthenticators: true}
advancedframework-chrome-3               | [1677463518.273][WARNING]: This version of ChromeDriver has not been tested with Chrome version 112.
advancedframework-chrome-7               | 02:05:18.746 INFO [LocalNode.newSession] - Session created by the Node. Id: 29df6d3d50d1c03222011f264139bf2a, Caps: Capabilities {acceptInsecureCerts: false, browserName: chrome, browserVersion: 112.0.5582.0, chrome: {chromedriverVersion: 111.0.5563.19 (378a38865270..., userDataDir: /tmp/.com.google.Chrome.HzXJf1}, goog:chromeOptions: {debuggerAddress: localhost:44131}, networkConnectionEnabled: false, pageLoadStrategy: normal, platformName: LINUX, proxy: Proxy(), se:cdp: http://localhost:44131, se:cdpVersion: 112.0.5582.0, se:vncEnabled: true, se:vncLocalAddress: ws://172.18.0.9:7900, setWindowRect: true, strictFileInteractability: false, timeouts: {implicit: 0, pageLoad: 300000, script: 30000}, unhandledPromptBehavior: dismiss and notify, webauthn:extension:credBlob: true, webauthn:extension:largeBlob: true, webauthn:extension:minPinLength: true, webauthn:extension:prf: true, webauthn:virtualAuthenticators: true}
selenium-hub                             | 02:05:18.780 INFO [LocalDistributor.newSession] - Session created by the Distributor. Id: 29df6d3d50d1c03222011f264139bf2a 
selenium-hub                             |  Caps: Capabilities {acceptInsecureCerts: false, browserName: chrome, browserVersion: 112.0.5582.0, chrome: {chromedriverVersion: 111.0.5563.19 (378a38865270..., userDataDir: /tmp/.com.google.Chrome.HzXJf1}, goog:chromeOptions: {debuggerAddress: localhost:44131}, networkConnectionEnabled: false, pageLoadStrategy: normal, platformName: LINUX, proxy: {}, se:bidiEnabled: false, se:cdp: ws://172.18.0.9:4444/sessio..., se:cdpVersion: 112.0.5582.0, se:vnc: ws://172.18.0.9:4444/sessio..., se:vncEnabled: true, se:vncLocalAddress: ws://172.18.0.9:7900, setWindowRect: true, strictFileInteractability: false, timeouts: {implicit: 0, pageLoad: 300000, script: 30000}, unhandledPromptBehavior: dismiss and notify, webauthn:extension:credBlob: true, webauthn:extension:largeBlob: true, webauthn:extension:minPinLength: true, webauthn:extension:prf: true, webauthn:virtualAuthenticators: true}
advancedframework-chrome-9               | 02:05:18.937 INFO [LocalNode.newSession] - Session created by the Node. Id: 78bb13dbb200e514767d569be8046d12, Caps: Capabilities {acceptInsecureCerts: false, browserName: chrome, browserVersion: 112.0.5582.0, chrome: {chromedriverVersion: 111.0.5563.19 (378a38865270..., userDataDir: /tmp/.com.google.Chrome.68JIqD}, goog:chromeOptions: {debuggerAddress: localhost:36275}, networkConnectionEnabled: false, pageLoadStrategy: normal, platformName: LINUX, proxy: Proxy(), se:cdp: http://localhost:36275, se:cdpVersion: 112.0.5582.0, se:vncEnabled: true, se:vncLocalAddress: ws://172.18.0.12:7900, setWindowRect: true, strictFileInteractability: false, timeouts: {implicit: 0, pageLoad: 300000, script: 30000}, unhandledPromptBehavior: dismiss and notify, webauthn:extension:credBlob: true, webauthn:extension:largeBlob: true, webauthn:extension:minPinLength: true, webauthn:extension:prf: true, webauthn:virtualAuthenticators: true}
selenium-hub                             | 02:05:19.038 INFO [LocalDistributor.newSession] - Session created by the Distributor. Id: 78bb13dbb200e514767d569be8046d12 
selenium-hub                             |  Caps: Capabilities {acceptInsecureCerts: false, browserName: chrome, browserVersion: 112.0.5582.0, chrome: {chromedriverVersion: 111.0.5563.19 (378a38865270..., userDataDir: /tmp/.com.google.Chrome.68JIqD}, goog:chromeOptions: {debuggerAddress: localhost:36275}, networkConnectionEnabled: false, pageLoadStrategy: normal, platformName: LINUX, proxy: {}, se:bidiEnabled: false, se:cdp: ws://172.18.0.12:4444/sessi..., se:cdpVersion: 112.0.5582.0, se:vnc: ws://172.18.0.12:4444/sessi..., se:vncEnabled: true, se:vncLocalAddress: ws://172.18.0.12:7900, setWindowRect: true, strictFileInteractability: false, timeouts: {implicit: 0, pageLoad: 300000, script: 30000}, unhandledPromptBehavior: dismiss and notify, webauthn:extension:credBlob: true, webauthn:extension:largeBlob: true, webauthn:extension:minPinLength: true, webauthn:extension:prf: true, webauthn:virtualAuthenticators: true}
advancedframework-chrome-1               | 02:05:19.053 INFO [LocalNode.newSession] - Session created by the Node. Id: 18fb29fe3c661e5fd8f15be02775f183, Caps: Capabilities {acceptInsecureCerts: false, browserName: chrome, browserVersion: 112.0.5582.0, chrome: {chromedriverVersion: 111.0.5563.19 (378a38865270..., userDataDir: /tmp/.com.google.Chrome.ILOOcr}, goog:chromeOptions: {debuggerAddress: localhost:40477}, networkConnectionEnabled: false, pageLoadStrategy: normal, platformName: LINUX, proxy: Proxy(), se:cdp: http://localhost:40477, se:cdpVersion: 112.0.5582.0, se:vncEnabled: true, se:vncLocalAddress: ws://172.18.0.4:7900, setWindowRect: true, strictFileInteractability: false, timeouts: {implicit: 0, pageLoad: 300000, script: 30000}, unhandledPromptBehavior: dismiss and notify, webauthn:extension:credBlob: true, webauthn:extension:largeBlob: true, webauthn:extension:minPinLength: true, webauthn:extension:prf: true, webauthn:virtualAuthenticators: true}
selenium-hub                             | 02:05:19.100 INFO [LocalDistributor.newSession] - Session created by the Distributor. Id: 18fb29fe3c661e5fd8f15be02775f183 
selenium-hub                             |  Caps: Capabilities {acceptInsecureCerts: false, browserName: chrome, browserVersion: 112.0.5582.0, chrome: {chromedriverVersion: 111.0.5563.19 (378a38865270..., userDataDir: /tmp/.com.google.Chrome.ILOOcr}, goog:chromeOptions: {debuggerAddress: localhost:40477}, networkConnectionEnabled: false, pageLoadStrategy: normal, platformName: LINUX, proxy: {}, se:bidiEnabled: false, se:cdp: ws://172.18.0.4:4444/sessio..., se:cdpVersion: 112.0.5582.0, se:vnc: ws://172.18.0.4:4444/sessio..., se:vncEnabled: true, se:vncLocalAddress: ws://172.18.0.4:7900, setWindowRect: true, strictFileInteractability: false, timeouts: {implicit: 0, pageLoad: 300000, script: 30000}, unhandledPromptBehavior: dismiss and notify, webauthn:extension:credBlob: true, webauthn:extension:largeBlob: true, webauthn:extension:minPinLength: true, webauthn:extension:prf: true, webauthn:virtualAuthenticators: true}
advancedframework-chrome-3               | 02:05:19.503 INFO [LocalNode.newSession] - Session created by the Node. Id: ed8f36b73466a8eea7b4ce94937722c9, Caps: Capabilities {acceptInsecureCerts: false, browserName: chrome, browserVersion: 112.0.5582.0, chrome: {chromedriverVersion: 111.0.5563.19 (378a38865270..., userDataDir: /tmp/.com.google.Chrome.en3SQ1}, goog:chromeOptions: {debuggerAddress: localhost:41913}, networkConnectionEnabled: false, pageLoadStrategy: normal, platformName: LINUX, proxy: Proxy(), se:cdp: http://localhost:41913, se:cdpVersion: 112.0.5582.0, se:vncEnabled: true, se:vncLocalAddress: ws://172.18.0.11:7900, setWindowRect: true, strictFileInteractability: false, timeouts: {implicit: 0, pageLoad: 300000, script: 30000}, unhandledPromptBehavior: dismiss and notify, webauthn:extension:credBlob: true, webauthn:extension:largeBlob: true, webauthn:extension:minPinLength: true, webauthn:extension:prf: true, webauthn:virtualAuthenticators: true}
selenium-hub                             | 02:05:19.570 INFO [LocalDistributor.newSession] - Session created by the Distributor. Id: ed8f36b73466a8eea7b4ce94937722c9 
selenium-hub                             |  Caps: Capabilities {acceptInsecureCerts: false, browserName: chrome, browserVersion: 112.0.5582.0, chrome: {chromedriverVersion: 111.0.5563.19 (378a38865270..., userDataDir: /tmp/.com.google.Chrome.en3SQ1}, goog:chromeOptions: {debuggerAddress: localhost:41913}, networkConnectionEnabled: false, pageLoadStrategy: normal, platformName: LINUX, proxy: {}, se:bidiEnabled: false, se:cdp: ws://172.18.0.11:4444/sessi..., se:cdpVersion: 112.0.5582.0, se:vnc: ws://172.18.0.11:4444/sessi..., se:vncEnabled: true, se:vncLocalAddress: ws://172.18.0.11:7900, setWindowRect: true, strictFileInteractability: false, timeouts: {implicit: 0, pageLoad: 300000, script: 30000}, unhandledPromptBehavior: dismiss and notify, webauthn:extension:credBlob: true, webauthn:extension:largeBlob: true, webauthn:extension:minPinLength: true, webauthn:extension:prf: true, webauthn:virtualAuthenticators: true}
advancedframework-chrome-8               | 02:05:19.909 INFO [SessionSlot.stop] - Stopping session 09c920e82b27c622f4d21ca2366f53c0
selenium-hub                             | 02:05:19.947 INFO [LocalSessionMap.lambda$new$0] - Deleted session from local Session Map, Id: 09c920e82b27c622f4d21ca2366f53c0
selenium-hub                             | 02:05:19.948 INFO [GridModel.release] - Releasing slot for session id 09c920e82b27c622f4d21ca2366f53c0
advancedframework-chrome-5               | 02:05:20.095 INFO [SessionSlot.stop] - Stopping session 1750e0164f0c4c49df468053d0d2ce86
selenium-hub                             | 02:05:20.098 INFO [LocalSessionMap.lambda$new$0] - Deleted session from local Session Map, Id: 1750e0164f0c4c49df468053d0d2ce86
selenium-hub                             | 02:05:20.101 INFO [GridModel.release] - Releasing slot for session id 1750e0164f0c4c49df468053d0d2ce86
advancedframework-chrome-10              | 02:05:20.313 INFO [SessionSlot.stop] - Stopping session f283810ae65219b0f62d290105e51def
selenium-hub                             | 02:05:20.327 INFO [LocalSessionMap.lambda$new$0] - Deleted session from local Session Map, Id: f283810ae65219b0f62d290105e51def
selenium-hub                             | 02:05:20.327 INFO [GridModel.release] - Releasing slot for session id f283810ae65219b0f62d290105e51def
advancedframework-chrome-7               | 02:05:20.793 INFO [SessionSlot.stop] - Stopping session 29df6d3d50d1c03222011f264139bf2a
selenium-hub                             | 02:05:20.801 INFO [GridModel.release] - Releasing slot for session id 29df6d3d50d1c03222011f264139bf2a
selenium-hub                             | 02:05:20.801 INFO [LocalSessionMap.lambda$new$0] - Deleted session from local Session Map, Id: 29df6d3d50d1c03222011f264139bf2a
advancedframework-chrome-9               | 02:05:21.202 INFO [SessionSlot.stop] - Stopping session 78bb13dbb200e514767d569be8046d12
selenium-hub                             | 02:05:21.217 INFO [LocalSessionMap.lambda$new$0] - Deleted session from local Session Map, Id: 78bb13dbb200e514767d569be8046d12
selenium-hub                             | 02:05:21.217 INFO [GridModel.release] - Releasing slot for session id 78bb13dbb200e514767d569be8046d12
advancedframework-chrome-1               | 02:05:21.322 INFO [SessionSlot.stop] - Stopping session 18fb29fe3c661e5fd8f15be02775f183
selenium-hub                             | 02:05:21.327 INFO [LocalSessionMap.lambda$new$0] - Deleted session from local Session Map, Id: 18fb29fe3c661e5fd8f15be02775f183
selenium-hub                             | 02:05:21.328 INFO [GridModel.release] - Releasing slot for session id 18fb29fe3c661e5fd8f15be02775f183
advancedframework-chrome-3               | 02:05:21.571 INFO [SessionSlot.stop] - Stopping session ed8f36b73466a8eea7b4ce94937722c9
selenium-hub                             | 02:05:21.573 INFO [LocalSessionMap.lambda$new$0] - Deleted session from local Session Map, Id: ed8f36b73466a8eea7b4ce94937722c9
selenium-hub                             | 02:05:21.573 INFO [GridModel.release] - Releasing slot for session id ed8f36b73466a8eea7b4ce94937722c9
selenium-hub                             | 02:46:35.187 INFO [LocalDistributor.newSession] - Session request received by the Distributor: 
selenium-hub                             |  [Capabilities {browserName: chrome}, Capabilities {browserName: chrome, platform: ANY, version: }]
selenium-hub                             | 02:46:35.191 INFO [LocalDistributor.newSession] - Session request received by the Distributor: 
selenium-hub                             |  [Capabilities {browserName: chrome}, Capabilities {browserName: chrome, platform: ANY, version: }]
selenium-hub                             | 02:46:35.191 INFO [LocalDistributor.newSession] - Session request received by the Distributor: 
selenium-hub                             |  [Capabilities {browserName: chrome}, Capabilities {browserName: chrome, platform: ANY, version: }]
selenium-hub                             | 02:46:35.190 INFO [LocalDistributor.newSession] - Session request received by the Distributor: 
selenium-hub                             |  [Capabilities {browserName: chrome}, Capabilities {browserName: chrome, platform: ANY, version: }]
selenium-hub                             | 02:46:35.190 INFO [LocalDistributor.newSession] - Session request received by the Distributor: 
selenium-hub                             |  [Capabilities {browserName: chrome}, Capabilities {browserName: chrome, platform: ANY, version: }]
selenium-hub                             | 02:46:35.189 INFO [LocalDistributor.newSession] - Session request received by the Distributor: 
selenium-hub                             |  [Capabilities {browserName: chrome}, Capabilities {browserName: chrome, platform: ANY, version: }]
selenium-hub                             | 02:46:35.188 INFO [LocalDistributor.newSession] - Session request received by the Distributor: 
selenium-hub                             |  [Capabilities {browserName: chrome}, Capabilities {browserName: chrome, platform: ANY, version: }]
selenium-hub                             | 02:46:35.188 INFO [LocalDistributor.newSession] - Session request received by the Distributor: 
selenium-hub                             |  [Capabilities {browserName: chrome}, Capabilities {browserName: chrome, platform: ANY, version: }]
selenium-hub                             | 02:46:35.187 INFO [LocalDistributor.newSession] - Session request received by the Distributor: 
selenium-hub                             |  [Capabilities {browserName: chrome}, Capabilities {browserName: chrome, platform: ANY, version: }]
selenium-hub                             | 02:46:35.187 INFO [LocalDistributor.newSession] - Session request received by the Distributor: 
selenium-hub                             |  [Capabilities {browserName: chrome}, Capabilities {browserName: chrome, platform: ANY, version: }]
advancedframework-chrome-6               | Starting ChromeDriver 111.0.5563.19 (378a38865270d286695aeb86f190564911ef7bc2-refs/branch-heads/5563@{#251}) on port 16694
advancedframework-chrome-6               | Only local connections are allowed.
advancedframework-chrome-6               | Please see https://chromedriver.chromium.org/security-considerations for suggestions on keeping ChromeDriver safe.
advancedframework-chrome-3               | Starting ChromeDriver 111.0.5563.19 (378a38865270d286695aeb86f190564911ef7bc2-refs/branch-heads/5563@{#251}) on port 28347
advancedframework-chrome-3               | Only local connections are allowed.
advancedframework-chrome-3               | Please see https://chromedriver.chromium.org/security-considerations for suggestions on keeping ChromeDriver safe.
advancedframework-chrome-3               | ChromeDriver was started successfully.
advancedframework-chrome-3               | [1677465995.352][SEVERE]: bind() failed: Cannot assign requested address (99)
advancedframework-chrome-6               | [1677465995.347][SEVERE]: bind() failed: Cannot assign requested address (99)
advancedframework-chrome-6               | ChromeDriver was started successfully.
