advancedframework-chrome-7               | [1677465995.347][SEVERE]: bind() failed: Cannot assign requested address (99)
advancedframework-chrome-7               | Starting ChromeDriver 111.0.5563.19 (378a38865270d286695aeb86f190564911ef7bc2-refs/branch-heads/5563@{#251}) on port 20002
advancedframework-chrome-7               | Only local connections are allowed.
advancedframework-chrome-7               | Please see https://chromedriver.chromium.org/security-considerations for suggestions on keeping ChromeDriver safe.
advancedframework-chrome-7               | ChromeDriver was started successfully.
advancedframework-chrome-10              | Starting ChromeDriver 111.0.5563.19 (378a38865270d286695aeb86f190564911ef7bc2-refs/branch-heads/5563@{#251}) on port 17336
advancedframework-chrome-4               | Starting ChromeDriver 111.0.5563.19 (378a38865270d286695aeb86f190564911ef7bc2-refs/branch-heads/5563@{#251}) on port 12224
advancedframework-chrome-4               | Only local connections are allowed.
advancedframework-chrome-4               | Please see https://chromedriver.chromium.org/security-considerations for suggestions on keeping ChromeDriver safe.
advancedframework-chrome-1               | Starting ChromeDriver 111.0.5563.19 (378a38865270d286695aeb86f190564911ef7bc2-refs/branch-heads/5563@{#251}) on port 18118
advancedframework-chrome-1               | Only local connections are allowed.
advancedframework-chrome-1               | Please see https://chromedriver.chromium.org/security-considerations for suggestions on keeping ChromeDriver safe.
advancedframework-chrome-4               | ChromeDriver was started successfully.
advancedframework-chrome-4               | [1677465995.395][SEVERE]: bind() failed: Cannot assign requested address (99)
advancedframework-chrome-10              | Only local connections are allowed.
advancedframework-chrome-10              | Please see https://chromedriver.chromium.org/security-considerations for suggestions on keeping ChromeDriver safe.
advancedframework-chrome-10              | ChromeDriver was started successfully.
advancedframework-chrome-10              | [1677465995.361][SEVERE]: bind() failed: Cannot assign requested address (99)
advancedframework-chrome-8               | Starting ChromeDriver 111.0.5563.19 (378a38865270d286695aeb86f190564911ef7bc2-refs/branch-heads/5563@{#251}) on port 17610
advancedframework-chrome-8               | Only local connections are allowed.
advancedframework-chrome-9               | Starting ChromeDriver 111.0.5563.19 (378a38865270d286695aeb86f190564911ef7bc2-refs/branch-heads/5563@{#251}) on port 14498
advancedframework-chrome-8               | Please see https://chromedriver.chromium.org/security-considerations for suggestions on keeping ChromeDriver safe.
advancedframework-chrome-8               | ChromeDriver was started successfully.
advancedframework-chrome-8               | [1677465995.405][SEVERE]: bind() failed: Cannot assign requested address (99)
advancedframework-chrome-1               | [1677465995.401][SEVERE]: bind() failed: Cannot assign requested address (99)
advancedframework-chrome-1               | ChromeDriver was started successfully.
advancedframework-chrome-9               | Only local connections are allowed.
advancedframework-chrome-9               | Please see https://chromedriver.chromium.org/security-considerations for suggestions on keeping ChromeDriver safe.
advancedframework-chrome-9               | ChromeDriver was started successfully.
advancedframework-chrome-9               | [1677465995.408][SEVERE]: bind() failed: Cannot assign requested address (99)
advancedframework-chrome-5               | Starting ChromeDriver 111.0.5563.19 (378a38865270d286695aeb86f190564911ef7bc2-refs/branch-heads/5563@{#251}) on port 27467
advancedframework-chrome-5               | Only local connections are allowed.
advancedframework-chrome-5               | Please see https://chromedriver.chromium.org/security-considerations for suggestions on keeping ChromeDriver safe.
advancedframework-chrome-5               | ChromeDriver was started successfully.
advancedframework-chrome-5               | [1677465995.401][SEVERE]: bind() failed: Cannot assign requested address (99)
advancedframework-chrome-2               | Starting ChromeDriver 111.0.5563.19 (378a38865270d286695aeb86f190564911ef7bc2-refs/branch-heads/5563@{#251}) on port 30267
advancedframework-chrome-2               | Only local connections are allowed.
advancedframework-chrome-2               | Please see https://chromedriver.chromium.org/security-considerations for suggestions on keeping ChromeDriver safe.
advancedframework-chrome-2               | ChromeDriver was started successfully.
advancedframework-chrome-2               | [1677465995.478][SEVERE]: bind() failed: Cannot assign requested address (99)
advancedframework-chrome-8               | [1677465997.436][WARNING]: This version of ChromeDriver has not been tested with Chrome version 112.
advancedframework-chrome-6               | [1677465997.513][WARNING]: This version of ChromeDriver has not been tested with Chrome version 112.
advancedframework-chrome-9               | [1677465997.775][WARNING]: This version of ChromeDriver has not been tested with Chrome version 112.
advancedframework-chrome-4               | [1677465997.842][WARNING]: This version of ChromeDriver has not been tested with Chrome version 112.
advancedframework-chrome-3               | [1677465997.897][WARNING]: This version of ChromeDriver has not been tested with Chrome version 112.
advancedframework-chrome-1               | [1677465997.956][WARNING]: This version of ChromeDriver has not been tested with Chrome version 112.
advancedframework-chrome-5               | [1677465997.973][WARNING]: This version of ChromeDriver has not been tested with Chrome version 112.
advancedframework-chrome-7               | [1677465998.004][WARNING]: This version of ChromeDriver has not been tested with Chrome version 112.
advancedframework-chrome-10              | [1677465998.064][WARNING]: This version of ChromeDriver has not been tested with Chrome version 112.
advancedframework-chrome-2               | [1677465998.258][WARNING]: This version of ChromeDriver has not been tested with Chrome version 112.
advancedframework-chrome-9               | 02:46:38.752 INFO [LocalNode.newSession] - Session created by the Node. Id: 082aec27e4dcd8ac7697fdc5f4851284, Caps: Capabilities {acceptInsecureCerts: false, browserName: chrome, browserVersion: 112.0.5582.0, chrome: {chromedriverVersion: 111.0.5563.19 (378a38865270..., userDataDir: /tmp/.com.google.Chrome.mkXCGo}, goog:chromeOptions: {debuggerAddress: localhost:37461}, networkConnectionEnabled: false, pageLoadStrategy: normal, platformName: LINUX, proxy: Proxy(), se:cdp: http://localhost:37461, se:cdpVersion: 112.0.5582.0, se:vncEnabled: true, se:vncLocalAddress: ws://172.18.0.12:7900, setWindowRect: true, strictFileInteractability: false, timeouts: {implicit: 0, pageLoad: 300000, script: 30000}, unhandledPromptBehavior: dismiss and notify, webauthn:extension:credBlob: true, webauthn:extension:largeBlob: true, webauthn:extension:minPinLength: true, webauthn:extension:prf: true, webauthn:virtualAuthenticators: true}
selenium-hub                             | 02:46:38.793 INFO [LocalDistributor.newSession] - Session created by the Distributor. Id: 082aec27e4dcd8ac7697fdc5f4851284 
selenium-hub                             |  Caps: Capabilities {acceptInsecureCerts: false, browserName: chrome, browserVersion: 112.0.5582.0, chrome: {chromedriverVersion: 111.0.5563.19 (378a38865270..., userDataDir: /tmp/.com.google.Chrome.mkXCGo}, goog:chromeOptions: {debuggerAddress: localhost:37461}, networkConnectionEnabled: false, pageLoadStrategy: normal, platformName: LINUX, proxy: {}, se:bidiEnabled: false, se:cdp: ws://172.18.0.12:4444/sessi..., se:cdpVersion: 112.0.5582.0, se:vnc: ws://172.18.0.12:4444/sessi..., se:vncEnabled: true, se:vncLocalAddress: ws://172.18.0.12:7900, setWindowRect: true, strictFileInteractability: false, timeouts: {implicit: 0, pageLoad: 300000, script: 30000}, unhandledPromptBehavior: dismiss and notify, webauthn:extension:credBlob: true, webauthn:extension:largeBlob: true, webauthn:extension:minPinLength: true, webauthn:extension:prf: true, webauthn:virtualAuthenticators: true}
advancedframework-chrome-6               | 02:46:38.856 INFO [LocalNode.newSession] - Session created by the Node. Id: 1fd6a7ea17bbb1afd04f3d0ea6dce5c7, Caps: Capabilities {acceptInsecureCerts: false, browserName: chrome, browserVersion: 112.0.5582.0, chrome: {chromedriverVersion: 111.0.5563.19 (378a38865270..., userDataDir: /tmp/.com.google.Chrome.qchwpX}, goog:chromeOptions: {debuggerAddress: localhost:39879}, networkConnectionEnabled: false, pageLoadStrategy: normal, platformName: LINUX, proxy: Proxy(), se:cdp: http://localhost:39879, se:cdpVersion: 112.0.5582.0, se:vncEnabled: true, se:vncLocalAddress: ws://172.18.0.6:7900, setWindowRect: true, strictFileInteractability: false, timeouts: {implicit: 0, pageLoad: 300000, script: 30000}, unhandledPromptBehavior: dismiss and notify, webauthn:extension:credBlob: true, webauthn:extension:largeBlob: true, webauthn:extension:minPinLength: true, webauthn:extension:prf: true, webauthn:virtualAuthenticators: true}
selenium-hub                             | 02:46:38.893 INFO [LocalDistributor.newSession] - Session created by the Distributor. Id: 1fd6a7ea17bbb1afd04f3d0ea6dce5c7 
selenium-hub                             |  Caps: Capabilities {acceptInsecureCerts: false, browserName: chrome, browserVersion: 112.0.5582.0, chrome: {chromedriverVersion: 111.0.5563.19 (378a38865270..., userDataDir: /tmp/.com.google.Chrome.qchwpX}, goog:chromeOptions: {debuggerAddress: localhost:39879}, networkConnectionEnabled: false, pageLoadStrategy: normal, platformName: LINUX, proxy: {}, se:bidiEnabled: false, se:cdp: ws://172.18.0.6:4444/sessio..., se:cdpVersion: 112.0.5582.0, se:vnc: ws://172.18.0.6:4444/sessio..., se:vncEnabled: true, se:vncLocalAddress: ws://172.18.0.6:7900, setWindowRect: true, strictFileInteractability: false, timeouts: {implicit: 0, pageLoad: 300000, script: 30000}, unhandledPromptBehavior: dismiss and notify, webauthn:extension:credBlob: true, webauthn:extension:largeBlob: true, webauthn:extension:minPinLength: true, webauthn:extension:prf: true, webauthn:virtualAuthenticators: true}
advancedframework-chrome-4               | 02:46:38.986 INFO [LocalNode.newSession] - Session created by the Node. Id: 1040f25e4055a35e8e31cc1fa706dc80, Caps: Capabilities {acceptInsecureCerts: false, browserName: chrome, browserVersion: 112.0.5582.0, chrome: {chromedriverVersion: 111.0.5563.19 (378a38865270..., userDataDir: /tmp/.com.google.Chrome.EKWwbq}, goog:chromeOptions: {debuggerAddress: localhost:45363}, networkConnectionEnabled: false, pageLoadStrategy: normal, platformName: LINUX, proxy: Proxy(), se:cdp: http://localhost:45363, se:cdpVersion: 112.0.5582.0, se:vncEnabled: true, se:vncLocalAddress: ws://172.18.0.13:7900, setWindowRect: true, strictFileInteractability: false, timeouts: {implicit: 0, pageLoad: 300000, script: 30000}, unhandledPromptBehavior: dismiss and notify, webauthn:extension:credBlob: true, webauthn:extension:largeBlob: true, webauthn:extension:minPinLength: true, webauthn:extension:prf: true, webauthn:virtualAuthenticators: true}
selenium-hub                             | 02:46:39.018 INFO [LocalDistributor.newSession] - Session created by the Distributor. Id: 1040f25e4055a35e8e31cc1fa706dc80 
selenium-hub                             |  Caps: Capabilities {acceptInsecureCerts: false, browserName: chrome, browserVersion: 112.0.5582.0, chrome: {chromedriverVersion: 111.0.5563.19 (378a38865270..., userDataDir: /tmp/.com.google.Chrome.EKWwbq}, goog:chromeOptions: {debuggerAddress: localhost:45363}, networkConnectionEnabled: false, pageLoadStrategy: normal, platformName: LINUX, proxy: {}, se:bidiEnabled: false, se:cdp: ws://172.18.0.13:4444/sessi..., se:cdpVersion: 112.0.5582.0, se:vnc: ws://172.18.0.13:4444/sessi..., se:vncEnabled: true, se:vncLocalAddress: ws://172.18.0.13:7900, setWindowRect: true, strictFileInteractability: false, timeouts: {implicit: 0, pageLoad: 300000, script: 30000}, unhandledPromptBehavior: dismiss and notify, webauthn:extension:credBlob: true, webauthn:extension:largeBlob: true, webauthn:extension:minPinLength: true, webauthn:extension:prf: true, webauthn:virtualAuthenticators: true}
advancedframework-chrome-1               | 02:46:39.048 INFO [LocalNode.newSession] - Session created by the Node. Id: ab782f7c12b935beea7709a22fff423a, Caps: Capabilities {acceptInsecureCerts: false, browserName: chrome, browserVersion: 112.0.5582.0, chrome: {chromedriverVersion: 111.0.5563.19 (378a38865270..., userDataDir: /tmp/.com.google.Chrome.VehaD2}, goog:chromeOptions: {debuggerAddress: localhost:35917}, networkConnectionEnabled: false, pageLoadStrategy: normal, platformName: LINUX, proxy: Proxy(), se:cdp: http://localhost:35917, se:cdpVersion: 112.0.5582.0, se:vncEnabled: true, se:vncLocalAddress: ws://172.18.0.4:7900, setWindowRect: true, strictFileInteractability: false, timeouts: {implicit: 0, pageLoad: 300000, script: 30000}, unhandledPromptBehavior: dismiss and notify, webauthn:extension:credBlob: true, webauthn:extension:largeBlob: true, webauthn:extension:minPinLength: true, webauthn:extension:prf: true, webauthn:virtualAuthenticators: true}
advancedframework-chrome-3               | 02:46:39.081 INFO [LocalNode.newSession] - Session created by the Node. Id: 2b3f1a9ee197d88d15c10b6df0683488, Caps: Capabilities {acceptInsecureCerts: false, browserName: chrome, browserVersion: 112.0.5582.0, chrome: {chromedriverVersion: 111.0.5563.19 (378a38865270..., userDataDir: /tmp/.com.google.Chrome.CXQ0qG}, goog:chromeOptions: {debuggerAddress: localhost:45339}, networkConnectionEnabled: false, pageLoadStrategy: normal, platformName: LINUX, proxy: Proxy(), se:cdp: http://localhost:45339, se:cdpVersion: 112.0.5582.0, se:vncEnabled: true, se:vncLocalAddress: ws://172.18.0.11:7900, setWindowRect: true, strictFileInteractability: false, timeouts: {implicit: 0, pageLoad: 300000, script: 30000}, unhandledPromptBehavior: dismiss and notify, webauthn:extension:credBlob: true, webauthn:extension:largeBlob: true, webauthn:extension:minPinLength: true, webauthn:extension:prf: true, webauthn:virtualAuthenticators: true}
advancedframework-chrome-7               | 02:46:39.088 INFO [LocalNode.newSession] - Session created by the Node. Id: 812eb3e0622e7d9afbecf9c2c4e1387f, Caps: Capabilities {acceptInsecureCerts: false, browserName: chrome, browserVersion: 112.0.5582.0, chrome: {chromedriverVersion: 111.0.5563.19 (378a38865270..., userDataDir: /tmp/.com.google.Chrome.SvfvxR}, goog:chromeOptions: {debuggerAddress: localhost:45709}, networkConnectionEnabled: false, pageLoadStrategy: normal, platformName: LINUX, proxy: Proxy(), se:cdp: http://localhost:45709, se:cdpVersion: 112.0.5582.0, se:vncEnabled: true, se:vncLocalAddress: ws://172.18.0.9:7900, setWindowRect: true, strictFileInteractability: false, timeouts: {implicit: 0, pageLoad: 300000, script: 30000}, unhandledPromptBehavior: dismiss and notify, webauthn:extension:credBlob: true, webauthn:extension:largeBlob: true, webauthn:extension:minPinLength: true, webauthn:extension:prf: true, webauthn:virtualAuthenticators: true}
selenium-hub                             | 02:46:39.097 INFO [LocalDistributor.newSession] - Session created by the Distributor. Id: ab782f7c12b935beea7709a22fff423a 
selenium-hub                             |  Caps: Capabilities {acceptInsecureCerts: false, browserName: chrome, browserVersion: 112.0.5582.0, chrome: {chromedriverVersion: 111.0.5563.19 (378a38865270..., userDataDir: /tmp/.com.google.Chrome.VehaD2}, goog:chromeOptions: {debuggerAddress: localhost:35917}, networkConnectionEnabled: false, pageLoadStrategy: normal, platformName: LINUX, proxy: {}, se:bidiEnabled: false, se:cdp: ws://172.18.0.4:4444/sessio..., se:cdpVersion: 112.0.5582.0, se:vnc: ws://172.18.0.4:4444/sessio..., se:vncEnabled: true, se:vncLocalAddress: ws://172.18.0.4:7900, setWindowRect: true, strictFileInteractability: false, timeouts: {implicit: 0, pageLoad: 300000, script: 30000}, unhandledPromptBehavior: dismiss and notify, webauthn:extension:credBlob: true, webauthn:extension:largeBlob: true, webauthn:extension:minPinLength: true, webauthn:extension:prf: true, webauthn:virtualAuthenticators: true}
selenium-hub                             | 02:46:39.135 INFO [LocalDistributor.newSession] - Session created by the Distributor. Id: 812eb3e0622e7d9afbecf9c2c4e1387f 
selenium-hub                             |  Caps: Capabilities {acceptInsecureCerts: false, browserName: chrome, browserVersion: 112.0.5582.0, chrome: {chromedriverVersion: 111.0.5563.19 (378a38865270..., userDataDir: /tmp/.com.google.Chrome.SvfvxR}, goog:chromeOptions: {debuggerAddress: localhost:45709}, networkConnectionEnabled: false, pageLoadStrategy: normal, platformName: LINUX, proxy: {}, se:bidiEnabled: false, se:cdp: ws://172.18.0.9:4444/sessio..., se:cdpVersion: 112.0.5582.0, se:vnc: ws://172.18.0.9:4444/sessio..., se:vncEnabled: true, se:vncLocalAddress: ws://172.18.0.9:7900, setWindowRect: true, strictFileInteractability: false, timeouts: {implicit: 0, pageLoad: 300000, script: 30000}, unhandledPromptBehavior: dismiss and notify, webauthn:extension:credBlob: true, webauthn:extension:largeBlob: true, webauthn:extension:minPinLength: true, webauthn:extension:prf: true, webauthn:virtualAuthenticators: true}
selenium-hub                             | 02:46:39.141 INFO [LocalDistributor.newSession] - Session created by the Distributor. Id: 2b3f1a9ee197d88d15c10b6df0683488 
selenium-hub                             |  Caps: Capabilities {acceptInsecureCerts: false, browserName: chrome, browserVersion: 112.0.5582.0, chrome: {chromedriverVersion: 111.0.5563.19 (378a38865270..., userDataDir: /tmp/.com.google.Chrome.CXQ0qG}, goog:chromeOptions: {debuggerAddress: localhost:45339}, networkConnectionEnabled: false, pageLoadStrategy: normal, platformName: LINUX, proxy: {}, se:bidiEnabled: false, se:cdp: ws://172.18.0.11:4444/sessi..., se:cdpVersion: 112.0.5582.0, se:vnc: ws://172.18.0.11:4444/sessi..., se:vncEnabled: true, se:vncLocalAddress: ws://172.18.0.11:7900, setWindowRect: true, strictFileInteractability: false, timeouts: {implicit: 0, pageLoad: 300000, script: 30000}, unhandledPromptBehavior: dismiss and notify, webauthn:extension:credBlob: true, webauthn:extension:largeBlob: true, webauthn:extension:minPinLength: true, webauthn:extension:prf: true, webauthn:virtualAuthenticators: true}
advancedframework-chrome-10              | 02:46:39.221 INFO [LocalNode.newSession] - Session created by the Node. Id: 3382336f05cd27684580b1042192edf4, Caps: Capabilities {acceptInsecureCerts: false, browserName: chrome, browserVersion: 112.0.5582.0, chrome: {chromedriverVersion: 111.0.5563.19 (378a38865270..., userDataDir: /tmp/.com.google.Chrome.VpXkdv}, goog:chromeOptions: {debuggerAddress: localhost:43109}, networkConnectionEnabled: false, pageLoadStrategy: normal, platformName: LINUX, proxy: Proxy(), se:cdp: http://localhost:43109, se:cdpVersion: 112.0.5582.0, se:vncEnabled: true, se:vncLocalAddress: ws://172.18.0.14:7900, setWindowRect: true, strictFileInteractability: false, timeouts: {implicit: 0, pageLoad: 300000, script: 30000}, unhandledPromptBehavior: dismiss and notify, webauthn:extension:credBlob: true, webauthn:extension:largeBlob: true, webauthn:extension:minPinLength: true, webauthn:extension:prf: true, webauthn:virtualAuthenticators: true}
selenium-hub                             | 02:46:39.267 INFO [LocalDistributor.newSession] - Session created by the Distributor. Id: 3382336f05cd27684580b1042192edf4 
selenium-hub                             |  Caps: Capabilities {acceptInsecureCerts: false, browserName: chrome, browserVersion: 112.0.5582.0, chrome: {chromedriverVersion: 111.0.5563.19 (378a38865270..., userDataDir: /tmp/.com.google.Chrome.VpXkdv}, goog:chromeOptions: {debuggerAddress: localhost:43109}, networkConnectionEnabled: false, pageLoadStrategy: normal, platformName: LINUX, proxy: {}, se:bidiEnabled: false, se:cdp: ws://172.18.0.14:4444/sessi..., se:cdpVersion: 112.0.5582.0, se:vnc: ws://172.18.0.14:4444/sessi..., se:vncEnabled: true, se:vncLocalAddress: ws://172.18.0.14:7900, setWindowRect: true, strictFileInteractability: false, timeouts: {implicit: 0, pageLoad: 300000, script: 30000}, unhandledPromptBehavior: dismiss and notify, webauthn:extension:credBlob: true, webauthn:extension:largeBlob: true, webauthn:extension:minPinLength: true, webauthn:extension:prf: true, webauthn:virtualAuthenticators: true}
advancedframework-chrome-2               | 02:46:39.474 INFO [LocalNode.newSession] - Session created by the Node. Id: d1d00995064d2b104c4c919d8d971d25, Caps: Capabilities {acceptInsecureCerts: false, browserName: chrome, browserVersion: 112.0.5582.0, chrome: {chromedriverVersion: 111.0.5563.19 (378a38865270..., userDataDir: /tmp/.com.google.Chrome.ROhuNw}, goog:chromeOptions: {debuggerAddress: localhost:37347}, networkConnectionEnabled: false, pageLoadStrategy: normal, platformName: LINUX, proxy: Proxy(), se:cdp: http://localhost:37347, se:cdpVersion: 112.0.5582.0, se:vncEnabled: true, se:vncLocalAddress: ws://172.18.0.10:7900, setWindowRect: true, strictFileInteractability: false, timeouts: {implicit: 0, pageLoad: 300000, script: 30000}, unhandledPromptBehavior: dismiss and notify, webauthn:extension:credBlob: true, webauthn:extension:largeBlob: true, webauthn:extension:minPinLength: true, webauthn:extension:prf: true, webauthn:virtualAuthenticators: true}
advancedframework-chrome-8               | 02:46:39.527 INFO [LocalNode.newSession] - Session created by the Node. Id: 13cef8a8a08f807ae868e9cc34967f80, Caps: Capabilities {acceptInsecureCerts: false, browserName: chrome, browserVersion: 112.0.5582.0, chrome: {chromedriverVersion: 111.0.5563.19 (378a38865270..., userDataDir: /tmp/.com.google.Chrome.1yogUE}, goog:chromeOptions: {debuggerAddress: localhost:36151}, networkConnectionEnabled: false, pageLoadStrategy: normal, platformName: LINUX, proxy: Proxy(), se:cdp: http://localhost:36151, se:cdpVersion: 112.0.5582.0, se:vncEnabled: true, se:vncLocalAddress: ws://172.18.0.8:7900, setWindowRect: true, strictFileInteractability: false, timeouts: {implicit: 0, pageLoad: 300000, script: 30000}, unhandledPromptBehavior: dismiss and notify, webauthn:extension:credBlob: true, webauthn:extension:largeBlob: true, webauthn:extension:minPinLength: true, webauthn:extension:prf: true, webauthn:virtualAuthenticators: true}
advancedframework-chrome-5               | 02:46:39.618 INFO [LocalNode.newSession] - Session created by the Node. Id: e50fa8bdf4d5e0ac745382f388c3780d, Caps: Capabilities {acceptInsecureCerts: false, browserName: chrome, browserVersion: 112.0.5582.0, chrome: {chromedriverVersion: 111.0.5563.19 (378a38865270..., userDataDir: /tmp/.com.google.Chrome.SdxN8O}, goog:chromeOptions: {debuggerAddress: localhost:36097}, networkConnectionEnabled: false, pageLoadStrategy: normal, platformName: LINUX, proxy: Proxy(), se:cdp: http://localhost:36097, se:cdpVersion: 112.0.5582.0, se:vncEnabled: true, se:vncLocalAddress: ws://172.18.0.7:7900, setWindowRect: true, strictFileInteractability: false, timeouts: {implicit: 0, pageLoad: 300000, script: 30000}, unhandledPromptBehavior: dismiss and notify, webauthn:extension:credBlob: true, webauthn:extension:largeBlob: true, webauthn:extension:minPinLength: true, webauthn:extension:prf: true, webauthn:virtualAuthenticators: true}
selenium-hub                             | 02:46:39.618 INFO [LocalDistributor.newSession] - Session created by the Distributor. Id: d1d00995064d2b104c4c919d8d971d25 
selenium-hub                             |  Caps: Capabilities {acceptInsecureCerts: false, browserName: chrome, browserVersion: 112.0.5582.0, chrome: {chromedriverVersion: 111.0.5563.19 (378a38865270..., userDataDir: /tmp/.com.google.Chrome.ROhuNw}, goog:chromeOptions: {debuggerAddress: localhost:37347}, networkConnectionEnabled: false, pageLoadStrategy: normal, platformName: LINUX, proxy: {}, se:bidiEnabled: false, se:cdp: ws://172.18.0.10:4444/sessi..., se:cdpVersion: 112.0.5582.0, se:vnc: ws://172.18.0.10:4444/sessi..., se:vncEnabled: true, se:vncLocalAddress: ws://172.18.0.10:7900, setWindowRect: true, strictFileInteractability: false, timeouts: {implicit: 0, pageLoad: 300000, script: 30000}, unhandledPromptBehavior: dismiss and notify, webauthn:extension:credBlob: true, webauthn:extension:largeBlob: true, webauthn:extension:minPinLength: true, webauthn:extension:prf: true, webauthn:virtualAuthenticators: true}
selenium-hub                             | 02:46:39.622 INFO [LocalDistributor.newSession] - Session created by the Distributor. Id: 13cef8a8a08f807ae868e9cc34967f80 
selenium-hub                             |  Caps: Capabilities {acceptInsecureCerts: false, browserName: chrome, browserVersion: 112.0.5582.0, chrome: {chromedriverVersion: 111.0.5563.19 (378a38865270..., userDataDir: /tmp/.com.google.Chrome.1yogUE}, goog:chromeOptions: {debuggerAddress: localhost:36151}, networkConnectionEnabled: false, pageLoadStrategy: normal, platformName: LINUX, proxy: {}, se:bidiEnabled: false, se:cdp: ws://172.18.0.8:4444/sessio..., se:cdpVersion: 112.0.5582.0, se:vnc: ws://172.18.0.8:4444/sessio..., se:vncEnabled: true, se:vncLocalAddress: ws://172.18.0.8:7900, setWindowRect: true, strictFileInteractability: false, timeouts: {implicit: 0, pageLoad: 300000, script: 30000}, unhandledPromptBehavior: dismiss and notify, webauthn:extension:credBlob: true, webauthn:extension:largeBlob: true, webauthn:extension:minPinLength: true, webauthn:extension:prf: true, webauthn:virtualAuthenticators: true}
selenium-hub                             | 02:46:39.765 INFO [LocalDistributor.newSession] - Session created by the Distributor. Id: e50fa8bdf4d5e0ac745382f388c3780d 
selenium-hub                             |  Caps: Capabilities {acceptInsecureCerts: false, browserName: chrome, browserVersion: 112.0.5582.0, chrome: {chromedriverVersion: 111.0.5563.19 (378a38865270..., userDataDir: /tmp/.com.google.Chrome.SdxN8O}, goog:chromeOptions: {debuggerAddress: localhost:36097}, networkConnectionEnabled: false, pageLoadStrategy: normal, platformName: LINUX, proxy: {}, se:bidiEnabled: false, se:cdp: ws://172.18.0.7:4444/sessio..., se:cdpVersion: 112.0.5582.0, se:vnc: ws://172.18.0.7:4444/sessio..., se:vncEnabled: true, se:vncLocalAddress: ws://172.18.0.7:7900, setWindowRect: true, strictFileInteractability: false, timeouts: {implicit: 0, pageLoad: 300000, script: 30000}, unhandledPromptBehavior: dismiss and notify, webauthn:extension:credBlob: true, webauthn:extension:largeBlob: true, webauthn:extension:minPinLength: true, webauthn:extension:prf: true, webauthn:virtualAuthenticators: true}
advancedframework-chrome-4               | 02:46:43.181 INFO [SessionSlot.stop] - Stopping session 1040f25e4055a35e8e31cc1fa706dc80
selenium-hub                             | 02:46:43.191 INFO [LocalSessionMap.lambda$new$0] - Deleted session from local Session Map, Id: 1040f25e4055a35e8e31cc1fa706dc80
selenium-hub                             | 02:46:43.191 INFO [GridModel.release] - Releasing slot for session id 1040f25e4055a35e8e31cc1fa706dc80
advancedframework-chrome-6               | 02:46:43.233 INFO [SessionSlot.stop] - Stopping session 1fd6a7ea17bbb1afd04f3d0ea6dce5c7
selenium-hub                             | 02:46:43.239 INFO [LocalSessionMap.lambda$new$0] - Deleted session from local Session Map, Id: 1fd6a7ea17bbb1afd04f3d0ea6dce5c7
selenium-hub                             | 02:46:43.240 INFO [GridModel.release] - Releasing slot for session id 1fd6a7ea17bbb1afd04f3d0ea6dce5c7
selenium-hub                             | 02:46:43.420 INFO [LocalDistributor.newSession] - Session request received by the Distributor: 
selenium-hub                             |  [Capabilities {browserName: chrome}, Capabilities {browserName: chrome, platform: ANY, version: }]
advancedframework-chrome-6               | Starting ChromeDriver 111.0.5563.19 (378a38865270d286695aeb86f190564911ef7bc2-refs/branch-heads/5563@{#251}) on port 14758
selenium-hub                             | 02:46:43.721 INFO [LocalDistributor.newSession] - Session request received by the Distributor: 
selenium-hub                             |  [Capabilities {browserName: chrome}, Capabilities {browserName: chrome, platform: ANY, version: }]
advancedframework-chrome-6               | Only local connections are allowed.
advancedframework-chrome-6               | Please see https://chromedriver.chromium.org/security-considerations for suggestions on keeping ChromeDriver safe.
advancedframework-chrome-6               | ChromeDriver was started successfully.
advancedframework-chrome-6               | [1677466003.743][SEVERE]: bind() failed: Cannot assign requested address (99)
advancedframework-chrome-4               | Starting ChromeDriver 111.0.5563.19 (378a38865270d286695aeb86f190564911ef7bc2-refs/branch-heads/5563@{#251}) on port 22901
advancedframework-chrome-4               | Only local connections are allowed.
advancedframework-chrome-4               | Please see https://chromedriver.chromium.org/security-considerations for suggestions on keeping ChromeDriver safe.
advancedframework-chrome-4               | ChromeDriver was started successfully.
advancedframework-chrome-4               | [1677466003.935][SEVERE]: bind() failed: Cannot assign requested address (99)
advancedframework-chrome-3               | 02:46:44.295 INFO [SessionSlot.stop] - Stopping session 2b3f1a9ee197d88d15c10b6df0683488
selenium-hub                             | 02:46:44.300 INFO [GridModel.release] - Releasing slot for session id 2b3f1a9ee197d88d15c10b6df0683488
selenium-hub                             | 02:46:44.300 INFO [LocalSessionMap.lambda$new$0] - Deleted session from local Session Map, Id: 2b3f1a9ee197d88d15c10b6df0683488
selenium-hub                             | 02:46:44.440 INFO [LocalDistributor.newSession] - Session request received by the Distributor: 
selenium-hub                             |  [Capabilities {browserName: chrome}, Capabilities {browserName: chrome, platform: ANY, version: }]
advancedframework-chrome-3               | Starting ChromeDriver 111.0.5563.19 (378a38865270d286695aeb86f190564911ef7bc2-refs/branch-heads/5563@{#251}) on port 32683
advancedframework-chrome-3               | Only local connections are allowed.
advancedframework-chrome-3               | Please see https://chromedriver.chromium.org/security-considerations for suggestions on keeping ChromeDriver safe.
advancedframework-chrome-3               | ChromeDriver was started successfully.
advancedframework-chrome-3               | [1677466004.532][SEVERE]: bind() failed: Cannot assign requested address (99)
advancedframework-chrome-10              | 02:46:44.664 INFO [SessionSlot.stop] - Stopping session 3382336f05cd27684580b1042192edf4
selenium-hub                             | 02:46:44.669 INFO [LocalSessionMap.lambda$new$0] - Deleted session from local Session Map, Id: 3382336f05cd27684580b1042192edf4
selenium-hub                             | 02:46:44.671 INFO [GridModel.release] - Releasing slot for session id 3382336f05cd27684580b1042192edf4
selenium-hub                             | 02:46:44.755 INFO [LocalDistributor.newSession] - Session request received by the Distributor: 
selenium-hub                             |  [Capabilities {browserName: chrome}, Capabilities {browserName: chrome, platform: ANY, version: }]
advancedframework-chrome-10              | Starting ChromeDriver 111.0.5563.19 (378a38865270d286695aeb86f190564911ef7bc2-refs/branch-heads/5563@{#251}) on port 31264
advancedframework-chrome-10              | Only local connections are allowed.
advancedframework-chrome-10              | Please see https://chromedriver.chromium.org/security-considerations for suggestions on keeping ChromeDriver safe.
advancedframework-chrome-10              | ChromeDriver was started successfully.
advancedframework-chrome-10              | [1677466004.924][SEVERE]: bind() failed: Cannot assign requested address (99)
advancedframework-chrome-9               | 02:46:45.290 INFO [SessionSlot.stop] - Stopping session 082aec27e4dcd8ac7697fdc5f4851284
selenium-hub                             | 02:46:45.292 INFO [LocalSessionMap.lambda$new$0] - Deleted session from local Session Map, Id: 082aec27e4dcd8ac7697fdc5f4851284
selenium-hub                             | 02:46:45.293 INFO [GridModel.release] - Releasing slot for session id 082aec27e4dcd8ac7697fdc5f4851284
advancedframework-chrome-7               | 02:46:45.353 INFO [SessionSlot.stop] - Stopping session 812eb3e0622e7d9afbecf9c2c4e1387f
selenium-hub                             | 02:46:45.354 INFO [LocalSessionMap.lambda$new$0] - Deleted session from local Session Map, Id: 812eb3e0622e7d9afbecf9c2c4e1387f
selenium-hub                             | 02:46:45.355 INFO [GridModel.release] - Releasing slot for session id 812eb3e0622e7d9afbecf9c2c4e1387f
selenium-hub                             | 02:46:45.371 INFO [LocalDistributor.newSession] - Session request received by the Distributor: 
selenium-hub                             |  [Capabilities {browserName: chrome}, Capabilities {browserName: chrome, platform: ANY, version: }]
advancedframework-chrome-5               | 02:46:45.395 INFO [SessionSlot.stop] - Stopping session e50fa8bdf4d5e0ac745382f388c3780d
advancedframework-chrome-9               | Starting ChromeDriver 111.0.5563.19 (378a38865270d286695aeb86f190564911ef7bc2-refs/branch-heads/5563@{#251}) on port 27903
advancedframework-chrome-9               | Only local connections are allowed.
advancedframework-chrome-9               | Please see https://chromedriver.chromium.org/security-considerations for suggestions on keeping ChromeDriver safe.
advancedframework-chrome-9               | [1677466005.506][SEVERE]: bind() failed: Cannot assign requested address (99)
advancedframework-chrome-9               | ChromeDriver was started successfully.
advancedframework-chrome-1               | 02:46:45.611 INFO [SessionSlot.stop] - Stopping session ab782f7c12b935beea7709a22fff423a
selenium-hub                             | 02:46:45.567 INFO [LocalSessionMap.lambda$new$0] - Deleted session from local Session Map, Id: e50fa8bdf4d5e0ac745382f388c3780d
selenium-hub                             | 02:46:45.569 INFO [GridModel.release] - Releasing slot for session id e50fa8bdf4d5e0ac745382f388c3780d
selenium-hub                             | 02:46:45.620 INFO [LocalSessionMap.lambda$new$0] - Deleted session from local Session Map, Id: ab782f7c12b935beea7709a22fff423a
selenium-hub                             | 02:46:45.623 INFO [GridModel.release] - Releasing slot for session id ab782f7c12b935beea7709a22fff423a
advancedframework-chrome-2               | 02:46:45.675 INFO [SessionSlot.stop] - Stopping session d1d00995064d2b104c4c919d8d971d25
selenium-hub                             | 02:46:45.747 INFO [LocalSessionMap.lambda$new$0] - Deleted session from local Session Map, Id: d1d00995064d2b104c4c919d8d971d25
selenium-hub                             | 02:46:45.748 INFO [GridModel.release] - Releasing slot for session id d1d00995064d2b104c4c919d8d971d25
advancedframework-chrome-6               | [1677466005.813][WARNING]: This version of ChromeDriver has not been tested with Chrome version 112.
advancedframework-chrome-8               | 02:46:45.964 INFO [SessionSlot.stop] - Stopping session 13cef8a8a08f807ae868e9cc34967f80
selenium-hub                             | 02:46:45.972 INFO [LocalSessionMap.lambda$new$0] - Deleted session from local Session Map, Id: 13cef8a8a08f807ae868e9cc34967f80
selenium-hub                             | 02:46:45.973 INFO [GridModel.release] - Releasing slot for session id 13cef8a8a08f807ae868e9cc34967f80
advancedframework-chrome-3               | [1677466006.149][WARNING]: This version of ChromeDriver has not been tested with Chrome version 112.
advancedframework-chrome-4               | [1677466006.135][WARNING]: This version of ChromeDriver has not been tested with Chrome version 112.
advancedframework-chrome-10              | [1677466006.460][WARNING]: This version of ChromeDriver has not been tested with Chrome version 112.
advancedframework-chrome-6               | 02:46:46.716 INFO [LocalNode.newSession] - Session created by the Node. Id: 73338ae00d634c034123399966548ae9, Caps: Capabilities {acceptInsecureCerts: false, browserName: chrome, browserVersion: 112.0.5582.0, chrome: {chromedriverVersion: 111.0.5563.19 (378a38865270..., userDataDir: /tmp/.com.google.Chrome.1pnWD3}, goog:chromeOptions: {debuggerAddress: localhost:46429}, networkConnectionEnabled: false, pageLoadStrategy: normal, platformName: LINUX, proxy: Proxy(), se:cdp: http://localhost:46429, se:cdpVersion: 112.0.5582.0, se:vncEnabled: true, se:vncLocalAddress: ws://172.18.0.6:7900, setWindowRect: true, strictFileInteractability: false, timeouts: {implicit: 0, pageLoad: 300000, script: 30000}, unhandledPromptBehavior: dismiss and notify, webauthn:extension:credBlob: true, webauthn:extension:largeBlob: true, webauthn:extension:minPinLength: true, webauthn:extension:prf: true, webauthn:virtualAuthenticators: true}
advancedframework-chrome-9               | [1677466006.758][WARNING]: This version of ChromeDriver has not been tested with Chrome version 112.
selenium-hub                             | 02:46:46.773 INFO [LocalDistributor.newSession] - Session created by the Distributor. Id: 73338ae00d634c034123399966548ae9 
selenium-hub                             |  Caps: Capabilities {acceptInsecureCerts: false, browserName: chrome, browserVersion: 112.0.5582.0, chrome: {chromedriverVersion: 111.0.5563.19 (378a38865270..., userDataDir: /tmp/.com.google.Chrome.1pnWD3}, goog:chromeOptions: {debuggerAddress: localhost:46429}, networkConnectionEnabled: false, pageLoadStrategy: normal, platformName: LINUX, proxy: {}, se:bidiEnabled: false, se:cdp: ws://172.18.0.6:4444/sessio..., se:cdpVersion: 112.0.5582.0, se:vnc: ws://172.18.0.6:4444/sessio..., se:vncEnabled: true, se:vncLocalAddress: ws://172.18.0.6:7900, setWindowRect: true, strictFileInteractability: false, timeouts: {implicit: 0, pageLoad: 300000, script: 30000}, unhandledPromptBehavior: dismiss and notify, webauthn:extension:credBlob: true, webauthn:extension:largeBlob: true, webauthn:extension:minPinLength: true, webauthn:extension:prf: true, webauthn:virtualAuthenticators: true}
advancedframework-chrome-4               | 02:46:46.952 INFO [LocalNode.newSession] - Session created by the Node. Id: ba33dc3f6c07f14df60e570069e75e7a, Caps: Capabilities {acceptInsecureCerts: false, browserName: chrome, browserVersion: 112.0.5582.0, chrome: {chromedriverVersion: 111.0.5563.19 (378a38865270..., userDataDir: /tmp/.com.google.Chrome.Tcmppz}, goog:chromeOptions: {debuggerAddress: localhost:36039}, networkConnectionEnabled: false, pageLoadStrategy: normal, platformName: LINUX, proxy: Proxy(), se:cdp: http://localhost:36039, se:cdpVersion: 112.0.5582.0, se:vncEnabled: true, se:vncLocalAddress: ws://172.18.0.13:7900, setWindowRect: true, strictFileInteractability: false, timeouts: {implicit: 0, pageLoad: 300000, script: 30000}, unhandledPromptBehavior: dismiss and notify, webauthn:extension:credBlob: true, webauthn:extension:largeBlob: true, webauthn:extension:minPinLength: true, webauthn:extension:prf: true, webauthn:virtualAuthenticators: true}
advancedframework-chrome-3               | 02:46:46.961 INFO [LocalNode.newSession] - Session created by the Node. Id: 1bbc222064b4b2e8bd2125e9df1bdd08, Caps: Capabilities {acceptInsecureCerts: false, browserName: chrome, browserVersion: 112.0.5582.0, chrome: {chromedriverVersion: 111.0.5563.19 (378a38865270..., userDataDir: /tmp/.com.google.Chrome.IC1R7s}, goog:chromeOptions: {debuggerAddress: localhost:33407}, networkConnectionEnabled: false, pageLoadStrategy: normal, platformName: LINUX, proxy: Proxy(), se:cdp: http://localhost:33407, se:cdpVersion: 112.0.5582.0, se:vncEnabled: true, se:vncLocalAddress: ws://172.18.0.11:7900, setWindowRect: true, strictFileInteractability: false, timeouts: {implicit: 0, pageLoad: 300000, script: 30000}, unhandledPromptBehavior: dismiss and notify, webauthn:extension:credBlob: true, webauthn:extension:largeBlob: true, webauthn:extension:minPinLength: true, webauthn:extension:prf: true, webauthn:virtualAuthenticators: true}
selenium-hub                             | 02:46:47.000 INFO [LocalDistributor.newSession] - Session created by the Distributor. Id: 1bbc222064b4b2e8bd2125e9df1bdd08 
selenium-hub                             |  Caps: Capabilities {acceptInsecureCerts: false, browserName: chrome, browserVersion: 112.0.5582.0, chrome: {chromedriverVersion: 111.0.5563.19 (378a38865270..., userDataDir: /tmp/.com.google.Chrome.IC1R7s}, goog:chromeOptions: {debuggerAddress: localhost:33407}, networkConnectionEnabled: false, pageLoadStrategy: normal, platformName: LINUX, proxy: {}, se:bidiEnabled: false, se:cdp: ws://172.18.0.11:4444/sessi..., se:cdpVersion: 112.0.5582.0, se:vnc: ws://172.18.0.11:4444/sessi..., se:vncEnabled: true, se:vncLocalAddress: ws://172.18.0.11:7900, setWindowRect: true, strictFileInteractability: false, timeouts: {implicit: 0, pageLoad: 300000, script: 30000}, unhandledPromptBehavior: dismiss and notify, webauthn:extension:credBlob: true, webauthn:extension:largeBlob: true, webauthn:extension:minPinLength: true, webauthn:extension:prf: true, webauthn:virtualAuthenticators: true}
selenium-hub                             | 02:46:47.027 INFO [LocalDistributor.newSession] - Session created by the Distributor. Id: ba33dc3f6c07f14df60e570069e75e7a 
selenium-hub                             |  Caps: Capabilities {acceptInsecureCerts: false, browserName: chrome, browserVersion: 112.0.5582.0, chrome: {chromedriverVersion: 111.0.5563.19 (378a38865270..., userDataDir: /tmp/.com.google.Chrome.Tcmppz}, goog:chromeOptions: {debuggerAddress: localhost:36039}, networkConnectionEnabled: false, pageLoadStrategy: normal, platformName: LINUX, proxy: {}, se:bidiEnabled: false, se:cdp: ws://172.18.0.13:4444/sessi..., se:cdpVersion: 112.0.5582.0, se:vnc: ws://172.18.0.13:4444/sessi..., se:vncEnabled: true, se:vncLocalAddress: ws://172.18.0.13:7900, setWindowRect: true, strictFileInteractability: false, timeouts: {implicit: 0, pageLoad: 300000, script: 30000}, unhandledPromptBehavior: dismiss and notify, webauthn:extension:credBlob: true, webauthn:extension:largeBlob: true, webauthn:extension:minPinLength: true, webauthn:extension:prf: true, webauthn:virtualAuthenticators: true}
advancedframework-chrome-10              | 02:46:47.095 INFO [LocalNode.newSession] - Session created by the Node. Id: 5d7710ccfa389bd6666f4f4a8b8d10bf, Caps: Capabilities {acceptInsecureCerts: false, browserName: chrome, browserVersion: 112.0.5582.0, chrome: {chromedriverVersion: 111.0.5563.19 (378a38865270..., userDataDir: /tmp/.com.google.Chrome.GigN2A}, goog:chromeOptions: {debuggerAddress: localhost:34111}, networkConnectionEnabled: false, pageLoadStrategy: normal, platformName: LINUX, proxy: Proxy(), se:cdp: http://localhost:34111, se:cdpVersion: 112.0.5582.0, se:vncEnabled: true, se:vncLocalAddress: ws://172.18.0.14:7900, setWindowRect: true, strictFileInteractability: false, timeouts: {implicit: 0, pageLoad: 300000, script: 30000}, unhandledPromptBehavior: dismiss and notify, webauthn:extension:credBlob: true, webauthn:extension:largeBlob: true, webauthn:extension:minPinLength: true, webauthn:extension:prf: true, webauthn:virtualAuthenticators: true}
selenium-hub                             | 02:46:47.138 INFO [LocalDistributor.newSession] - Session created by the Distributor. Id: 5d7710ccfa389bd6666f4f4a8b8d10bf 
selenium-hub                             |  Caps: Capabilities {acceptInsecureCerts: false, browserName: chrome, browserVersion: 112.0.5582.0, chrome: {chromedriverVersion: 111.0.5563.19 (378a38865270..., userDataDir: /tmp/.com.google.Chrome.GigN2A}, goog:chromeOptions: {debuggerAddress: localhost:34111}, networkConnectionEnabled: false, pageLoadStrategy: normal, platformName: LINUX, proxy: {}, se:bidiEnabled: false, se:cdp: ws://172.18.0.14:4444/sessi..., se:cdpVersion: 112.0.5582.0, se:vnc: ws://172.18.0.14:4444/sessi..., se:vncEnabled: true, se:vncLocalAddress: ws://172.18.0.14:7900, setWindowRect: true, strictFileInteractability: false, timeouts: {implicit: 0, pageLoad: 300000, script: 30000}, unhandledPromptBehavior: dismiss and notify, webauthn:extension:credBlob: true, webauthn:extension:largeBlob: true, webauthn:extension:minPinLength: true, webauthn:extension:prf: true, webauthn:virtualAuthenticators: true}
advancedframework-chrome-9               | 02:46:47.504 INFO [LocalNode.newSession] - Session created by the Node. Id: 209ec6bda7bf22db0d74433e01de39d5, Caps: Capabilities {acceptInsecureCerts: false, browserName: chrome, browserVersion: 112.0.5582.0, chrome: {chromedriverVersion: 111.0.5563.19 (378a38865270..., userDataDir: /tmp/.com.google.Chrome.cHJDl5}, goog:chromeOptions: {debuggerAddress: localhost:34765}, networkConnectionEnabled: false, pageLoadStrategy: normal, platformName: LINUX, proxy: Proxy(), se:cdp: http://localhost:34765, se:cdpVersion: 112.0.5582.0, se:vncEnabled: true, se:vncLocalAddress: ws://172.18.0.12:7900, setWindowRect: true, strictFileInteractability: false, timeouts: {implicit: 0, pageLoad: 300000, script: 30000}, unhandledPromptBehavior: dismiss and notify, webauthn:extension:credBlob: true, webauthn:extension:largeBlob: true, webauthn:extension:minPinLength: true, webauthn:extension:prf: true, webauthn:virtualAuthenticators: true}
selenium-hub                             | 02:46:47.532 INFO [LocalDistributor.newSession] - Session created by the Distributor. Id: 209ec6bda7bf22db0d74433e01de39d5 
selenium-hub                             |  Caps: Capabilities {acceptInsecureCerts: false, browserName: chrome, browserVersion: 112.0.5582.0, chrome: {chromedriverVersion: 111.0.5563.19 (378a38865270..., userDataDir: /tmp/.com.google.Chrome.cHJDl5}, goog:chromeOptions: {debuggerAddress: localhost:34765}, networkConnectionEnabled: false, pageLoadStrategy: normal, platformName: LINUX, proxy: {}, se:bidiEnabled: false, se:cdp: ws://172.18.0.12:4444/sessi..., se:cdpVersion: 112.0.5582.0, se:vnc: ws://172.18.0.12:4444/sessi..., se:vncEnabled: true, se:vncLocalAddress: ws://172.18.0.12:7900, setWindowRect: true, strictFileInteractability: false, timeouts: {implicit: 0, pageLoad: 300000, script: 30000}, unhandledPromptBehavior: dismiss and notify, webauthn:extension:credBlob: true, webauthn:extension:largeBlob: true, webauthn:extension:minPinLength: true, webauthn:extension:prf: true, webauthn:virtualAuthenticators: true}
advancedframework-chrome-6               | 02:46:49.060 INFO [SessionSlot.stop] - Stopping session 73338ae00d634c034123399966548ae9
selenium-hub                             | 02:46:49.067 INFO [LocalSessionMap.lambda$new$0] - Deleted session from local Session Map, Id: 73338ae00d634c034123399966548ae9
selenium-hub                             | 02:46:49.067 INFO [GridModel.release] - Releasing slot for session id 73338ae00d634c034123399966548ae9
advancedframework-chrome-4               | 02:46:49.450 INFO [SessionSlot.stop] - Stopping session ba33dc3f6c07f14df60e570069e75e7a
selenium-hub                             | 02:46:49.454 INFO [LocalSessionMap.lambda$new$0] - Deleted session from local Session Map, Id: ba33dc3f6c07f14df60e570069e75e7a
selenium-hub                             | 02:46:49.455 INFO [GridModel.release] - Releasing slot for session id ba33dc3f6c07f14df60e570069e75e7a
advancedframework-chrome-3               | 02:46:49.488 INFO [SessionSlot.stop] - Stopping session 1bbc222064b4b2e8bd2125e9df1bdd08
selenium-hub                             | 02:46:49.500 INFO [GridModel.release] - Releasing slot for session id 1bbc222064b4b2e8bd2125e9df1bdd08
selenium-hub                             | 02:46:49.500 INFO [LocalSessionMap.lambda$new$0] - Deleted session from local Session Map, Id: 1bbc222064b4b2e8bd2125e9df1bdd08
advancedframework-chrome-10              | 02:46:49.811 INFO [SessionSlot.stop] - Stopping session 5d7710ccfa389bd6666f4f4a8b8d10bf
selenium-hub                             | 02:46:49.814 INFO [LocalSessionMap.lambda$new$0] - Deleted session from local Session Map, Id: 5d7710ccfa389bd6666f4f4a8b8d10bf
selenium-hub                             | 02:46:49.815 INFO [GridModel.release] - Releasing slot for session id 5d7710ccfa389bd6666f4f4a8b8d10bf
advancedframework-chrome-9               | 02:46:49.929 INFO [SessionSlot.stop] - Stopping session 209ec6bda7bf22db0d74433e01de39d5
selenium-hub                             | 02:46:49.931 INFO [GridModel.release] - Releasing slot for session id 209ec6bda7bf22db0d74433e01de39d5
selenium-hub                             | 02:46:49.931 INFO [LocalSessionMap.lambda$new$0] - Deleted session from local Session Map, Id: 209ec6bda7bf22db0d74433e01de39d5
advancedframework-chrome-10              | Trapped SIGTERM/SIGINT/x so shutting down supervisord...
advancedframework-edge-1                 | Trapped SIGTERM/SIGINT/x so shutting down supervisord...
advancedframework-firefox-1              | Trapped SIGTERM/SIGINT/x so shutting down supervisord...
advancedframework-chrome-6               | Trapped SIGTERM/SIGINT/x so shutting down supervisord...
advancedframework-chrome-7               | Trapped SIGTERM/SIGINT/x so shutting down supervisord...
advancedframework-chrome-4               | Trapped SIGTERM/SIGINT/x so shutting down supervisord...
advancedframework-chrome-1               | Trapped SIGTERM/SIGINT/x so shutting down supervisord...
